Component: ARM Compiler 5.06 update 6 (build 750) Tool: armlink [4d35ed]

==============================================================================

Section Cross References

    mainw3p.o(i.ADC1_2_IRQHandler) refers to stm32f10x_adc.o(i.ADC_GetITStatus) for ADC_GetITStatus
    mainw3p.o(i.ADC1_2_IRQHandler) refers to stm32f10x_adc.o(i.ADC_GetConversionValue) for ADC_GetConversionValue
    mainw3p.o(i.ADC1_2_IRQHandler) refers to mainw3p.o(i.DoErrorState) for DoErrorState
    mainw3p.o(i.ADC1_2_IRQHandler) refers to stm32f10x_gpio.o(i.GPIO_SetBits) for GPIO_SetBits
    mainw3p.o(i.ADC1_2_IRQHandler) refers to dflt_clz.o(x$fpl$dflt) for __aeabi_i2d
    mainw3p.o(i.ADC1_2_IRQHandler) refers to drleqf.o(x$fpl$drleqf) for __aeabi_cdrcmple
    mainw3p.o(i.ADC1_2_IRQHandler) refers to dleqf.o(x$fpl$dleqf) for __aeabi_cdcmple
    mainw3p.o(i.ADC1_2_IRQHandler) refers to stm32f10x_gpio.o(i.GPIO_ResetBits) for GPIO_ResetBits
    mainw3p.o(i.ADC1_2_IRQHandler) refers to stm32f10x_adc.o(i.ADC_ClearITPendingBit) for ADC_ClearITPendingBit
    mainw3p.o(i.ADC1_2_IRQHandler) refers to mainw3p.o(.bss) for VoltVals
    mainw3p.o(i.ADC1_2_IRQHandler) refers to mainw3p.o(.data) for nSetVolt
    mainw3p.o(i.AmpControlOK) refers to stm32f10x_gpio.o(i.GPIO_ReadInputDataBit) for GPIO_ReadInputDataBit
    mainw3p.o(i.AmpControlOK) refers to mainw3p.o(i.analogRead) for analogRead
    mainw3p.o(i.AmpControlOK) refers to dflt_clz.o(x$fpl$dflt) for __aeabi_i2d
    mainw3p.o(i.AmpControlOK) refers to dfix.o(x$fpl$dfix) for __aeabi_d2iz
    mainw3p.o(i.AmpControlOK) refers to daddsub_clz.o(x$fpl$dadd) for __aeabi_dadd
    mainw3p.o(i.AmpControlOK) refers to ddiv.o(x$fpl$ddiv) for __aeabi_ddiv
    mainw3p.o(i.AmpControlOK) refers to drleqf.o(x$fpl$drleqf) for __aeabi_cdrcmple
    mainw3p.o(i.AmpControlOK) refers to mainw3p.o(.bss) for AmpVals
    mainw3p.o(i.AmpControlOK) refers to mainw3p.o(.data) for nSetAmp
    mainw3p.o(i.DoErrorState) refers to stm32f10x_gpio.o(i.GPIO_SetBits) for GPIO_SetBits
    mainw3p.o(i.DoErrorState) refers to mainw3p.o(i.Stop) for Stop
    mainw3p.o(i.DoErrorState) refers to mainw3p.o(.data) for ErrorState
    mainw3p.o(i.GetValFriq) refers to mainw3p.o(i.analogRead) for analogRead
    mainw3p.o(i.GetValFriq) refers to dflt_clz.o(x$fpl$dflt) for __aeabi_i2d
    mainw3p.o(i.GetValFriq) refers to ddiv.o(x$fpl$ddiv) for __aeabi_ddiv
    mainw3p.o(i.GetValFriq) refers to daddsub_clz.o(x$fpl$drsb) for __aeabi_drsub
    mainw3p.o(i.GetValFriq) refers to mainw3p.o(i.AmpControlOK) for AmpControlOK
    mainw3p.o(i.GetValFriq) refers to mainw3p.o(i.delay_ms) for delay_ms
    mainw3p.o(i.GetValFriq) refers to dfix.o(x$fpl$dfix) for __aeabi_d2iz
    mainw3p.o(i.GetValFriq) refers to daddsub_clz.o(x$fpl$dadd) for __aeabi_dadd
    mainw3p.o(i.GetValFriq) refers to mainw3p.o(.bss) for FSetVals
    mainw3p.o(i.GetValFriq) refers to mainw3p.o(.data) for nSetVal
    mainw3p.o(i.InitIO2Manual) refers to stm32f10x_rcc.o(i.RCC_APB2PeriphClockCmd) for RCC_APB2PeriphClockCmd
    mainw3p.o(i.InitIO2Manual) refers to stm32f10x_gpio.o(i.GPIO_StructInit) for GPIO_StructInit
    mainw3p.o(i.InitIO2Manual) refers to stm32f10x_gpio.o(i.GPIO_Init) for GPIO_Init
    mainw3p.o(i.PowerInit) refers to stm32f10x_gpio.o(i.GPIO_SetBits) for GPIO_SetBits
    mainw3p.o(i.PowerInit) refers to stm32f10x_gpio.o(i.GPIO_ResetBits) for GPIO_ResetBits
    mainw3p.o(i.PowerInit) refers to mainw3p.o(i.delay_ms) for delay_ms
    mainw3p.o(i.PowerInit) refers to mainw3p.o(i.analogRead) for analogRead
    mainw3p.o(i.PowerInit) refers to dflt_clz.o(x$fpl$dflt) for __aeabi_i2d
    mainw3p.o(i.PowerInit) refers to dleqf.o(x$fpl$dleqf) for __aeabi_cdcmple
    mainw3p.o(i.PowerInit) refers to mainw3p.o(.data) for ErrorState
    mainw3p.o(i.SetFrequency) refers to mainw3p.o(i.GetValFriq) for GetValFriq
    mainw3p.o(i.SetFrequency) refers to mainw3p.o(i.Abs) for Abs
    mainw3p.o(i.SetFrequency) refers to fflt_clz.o(x$fpl$fflt) for __aeabi_i2f
    mainw3p.o(i.SetFrequency) refers to fdiv.o(x$fpl$fdiv) for __aeabi_fdiv
    mainw3p.o(i.SetFrequency) refers to f2d.o(x$fpl$f2d) for __aeabi_f2d
    mainw3p.o(i.SetFrequency) refers to dmul.o(x$fpl$dmul) for __aeabi_dmul
    mainw3p.o(i.SetFrequency) refers to daddsub_clz.o(x$fpl$dadd) for __aeabi_dadd
    mainw3p.o(i.SetFrequency) refers to d2f.o(x$fpl$d2f) for __aeabi_d2f
    mainw3p.o(i.SetFrequency) refers to fminf.o(i.fminf) for fminf
    mainw3p.o(i.SetFrequency) refers to mainw3p.o(i.sin_table_update) for sin_table_update
    mainw3p.o(i.SetFrequency) refers to mainw3p.o(i.SetPrescaler) for SetPrescaler
    mainw3p.o(i.SetFrequency) refers to mainw3p.o(i.delay_ms) for delay_ms
    mainw3p.o(i.SetFrequency) refers to mainw3p.o(.data) for mTIM_Prescaler
    mainw3p.o(i.SetPrescaler) refers to stm32f10x_gpio.o(i.GPIO_SetBits) for GPIO_SetBits
    mainw3p.o(i.SetPrescaler) refers to stm32f10x_gpio.o(i.GPIO_ResetBits) for GPIO_ResetBits
    mainw3p.o(i.SetPrescaler) refers to stm32f10x_dma.o(i.DMA_Cmd) for DMA_Cmd
[...]
    ../clib/signal.c                         0x00000000   Number         0  defsig_cppl_inner.o ABSOLUTE
    ../clib/signal.c                         0x00000000   Number         0  defsig_pvfn_inner.o ABSOLUTE
    ../clib/signal.c                         0x00000000   Number         0  defsig_rtmem_outer.o ABSOLUTE
    ../clib/signal.c                         0x00000000   Number         0  defsig_rtmem_inner.o ABSOLUTE
    ../clib/signal.c                         0x00000000   Number         0  defsig_exit.o ABSOLUTE
    ../clib/signal.c                         0x00000000   Number         0  defsig_rtred_inner.o ABSOLUTE
    ../clib/signal.c                         0x00000000   Number         0  defsig_fpe_inner.o ABSOLUTE
    ../clib/signal.c                         0x00000000   Number         0  defsig_abrt_inner.o ABSOLUTE
    ../clib/signal.c                         0x00000000   Number         0  __raise.o ABSOLUTE
    ../clib/signal.c                         0x00000000   Number         0  defsig_general.o ABSOLUTE
    ../clib/signal.c                         0x00000000   Number         0  defsig_other.o ABSOLUTE
    ../clib/signal.c                         0x00000000   Number         0  defsig_fpe_outer.o ABSOLUTE
    ../clib/signal.c                         0x00000000   Number         0  defsig_fpe_formal.o ABSOLUTE
    ../clib/signal.c                         0x00000000   Number         0  defsig_rtmem_formal.o ABSOLUTE
    ../clib/signal.c                         0x00000000   Number         0  defsig_stak_inner.o ABSOLUTE
    ../clib/signal.c                         0x00000000   Number         0  defsig_segv_inner.o ABSOLUTE
    ../clib/signal.s                         0x00000000   Number         0  defsig.o ABSOLUTE
    ../clib/stdlib.c                         0x00000000   Number         0  exit.o ABSOLUTE
    ../fplib/d2f.s                           0x00000000   Number         0  d2f.o ABSOLUTE
    ../fplib/daddsub.s                       0x00000000   Number         0  daddsub_clz.o ABSOLUTE
    ../fplib/dcheck1.s                       0x00000000   Number         0  dcheck1.o ABSOLUTE
    ../fplib/dcmpi.s                         0x00000000   Number         0  dcmpi.o ABSOLUTE
    ../fplib/ddiv.s                          0x00000000   Number         0  ddiv.o ABSOLUTE
    ../fplib/deqf.s                          0x00000000   Number         0  deqf.o ABSOLUTE
    ../fplib/dfix.s                          0x00000000   Number         0  dfix.o ABSOLUTE
    ../fplib/dfixu.s                         0x00000000   Number         0  dfixu.o ABSOLUTE
    ../fplib/dflt.s                          0x00000000   Number         0  dflt_clz.o ABSOLUTE
    ../fplib/dleqf.s                         0x00000000   Number         0  dleqf.o ABSOLUTE
    ../fplib/dmul.s                          0x00000000   Number         0  dmul.o ABSOLUTE
    ../fplib/dnaninf.s                       0x00000000   Number         0  dnaninf.o ABSOLUTE
    ../fplib/dretinf.s                       0x00000000   Number         0  dretinf.o ABSOLUTE
    ../fplib/drleqf.s                        0x00000000   Number         0  drleqf.o ABSOLUTE
    ../fplib/f2d.s                           0x00000000   Number         0  f2d.o ABSOLUTE
    ../fplib/faddsub.s                       0x00000000   Number         0  faddsub_clz.o ABSOLUTE
    ../fplib/fcheck1.s                       0x00000000   Number         0  fcheck1.o ABSOLUTE
    ../fplib/fcmp4.s                         0x00000000   Number         0  fcmp4.o ABSOLUTE
    ../fplib/fcmpi.s                         0x00000000   Number         0  fcmpi.o ABSOLUTE
    ../fplib/fdiv.s                          0x00000000   Number         0  fdiv.o ABSOLUTE
    ../fplib/feqf.s                          0x00000000   Number         0  feqf.o ABSOLUTE
    ../fplib/ffix.s                          0x00000000   Number         0  ffix.o ABSOLUTE
    ../fplib/ffixll.s                        0x00000000   Number         0  ffixll.o ABSOLUTE
    ../fplib/ffixu.s                         0x00000000   Number         0  ffixu.o ABSOLUTE
    ../fplib/fflt.s                          0x00000000   Number         0  fflt_clz.o ABSOLUTE
    ../fplib/fleqf.s                         0x00000000   Number         0  fleqf.o ABSOLUTE
    ../fplib/fmul.s                          0x00000000   Number         0  fmul.o ABSOLUTE
    ../fplib/fnaninf.s                       0x00000000   Number         0  fnaninf.o ABSOLUTE
    ../fplib/fpinit.s                        0x00000000   Number         0  fpinit.o ABSOLUTE
    ../fplib/fretinf.s                       0x00000000   Number         0  fretinf.o ABSOLUTE
    ../fplib/frleqf.s                        0x00000000   Number         0  frleqf.o ABSOLUTE
    ../fplib/frnd.s                          0x00000000   Number         0  frnd.o ABSOLUTE
    ../fplib/fsqrt.s                         0x00000000   Number         0  fsqrt.o ABSOLUTE
    ../fplib/istatus.s                       0x00000000   Number         0  istatus.o ABSOLUTE
    ../fplib/retnan.s                        0x00000000   Number         0  retnan.o ABSOLUTE
    ../fplib/scalbn.s                        0x00000000   Number         0  scalbn.o ABSOLUTE
    ../fplib/scalbnf.s                       0x00000000   Number         0  scalbnf.o ABSOLUTE
    ../fplib/trapv.s                         0x00000000   Number         0  trapv.o ABSOLUTE
    ../fplib/usenofp.s                       0x00000000   Number         0  usenofp.o ABSOLUTE
    ../mathlib/cos_i.c                       0x00000000   Number         0  cos_i.o ABSOLUTE
    ../mathlib/dunder.c                      0x00000000   Number         0  dunder.o ABSOLUTE
    ../mathlib/expf.c                        0x00000000   Number         0  expf_x.o ABSOLUTE
    ../mathlib/expf.c                        0x00000000   Number         0  expf.o ABSOLUTE
    ../mathlib/fmax.c                        0x00000000   Number         0  fminf.o ABSOLUTE
    ../mathlib/fpclassify.c                  0x00000000   Number         0  fpclassify.o ABSOLUTE
    ../mathlib/fpclassifyf.c                 0x00000000   Number         0  fpclassifyf.o ABSOLUTE
    ../mathlib/funder.c                      0x00000000   Number         0  funder.o ABSOLUTE
    ../mathlib/log.c                         0x00000000   Number         0  log_x.o ABSOLUTE
    ../mathlib/log.c                         0x00000000   Number         0  log.o ABSOLUTE
    ../mathlib/logf.c                        0x00000000   Number         0  logf_x.o ABSOLUTE
    ../mathlib/logf.c                        0x00000000   Number         0  logf.o ABSOLUTE
    ../mathlib/poly.c                        0x00000000   Number         0  poly.o ABSOLUTE
    ../mathlib/powf.c                        0x00000000   Number         0  powf.o ABSOLUTE
    ../mathlib/powf.c                        0x00000000   Number         0  powf_x.o ABSOLUTE
    ../mathlib/qnan.c                        0x00000000   Number         0  qnan.o ABSOLUTE
    ../mathlib/rred.c                        0x00000000   Number         0  rred.o ABSOLUTE
    ../mathlib/sin.c                         0x00000000   Number         0  sin_x.o ABSOLUTE
    ../mathlib/sin.c                         0x00000000   Number         0  sin.o ABSOLUTE
    ../mathlib/sin_i.c                       0x00000000   Number         0  sin_i.o ABSOLUTE
    ../mathlib/sin_i.c                       0x00000000   Number         0  sin_i_x.o ABSOLUTE
    ../mathlib/sqrtf.c                       0x00000000   Number         0  sqrtf_x.o ABSOLUTE
    ../mathlib/sqrtf.c                       0x00000000   Number         0  sqrtf.o ABSOLUTE
    ../mathlib/tanhf.c                       0x00000000   Number         0  tanhf_x.o ABSOLUTE
    ../mathlib/tanhf.c                       0x00000000   Number         0  tanhf.o ABSOLUTE
    C:\Keil_v5\ARM\PACK\ARM\CMSIS\5.7.0\CMSIS\DSP\Source\BasicMathFunctions\BasicMathFunctions.c 0x00000000   Number         0  basicmathfunctions.o ABSOLUTE
    C:\Keil_v5\ARM\PACK\ARM\CMSIS\5.7.0\CMSIS\DSP\Source\BayesFunctions\BayesFunctions.c 0x00000000   Number         0  bayesfunctions.o ABSOLUTE
    C:\Keil_v5\ARM\PACK\ARM\CMSIS\5.7.0\CMSIS\DSP\Source\CommonTables\CommonTables.c 0x00000000   Number         0  commontables.o ABSOLUTE
    C:\Keil_v5\ARM\PACK\ARM\CMSIS\5.7.0\CMSIS\DSP\Source\ComplexMathFunctions\ComplexMathFunctions.c 0x00000000   Number         0  complexmathfunctions.o ABSOLUTE
    C:\Keil_v5\ARM\PACK\ARM\CMSIS\5.7.0\CMSIS\DSP\Source\ControllerFunctions\ControllerFunctions.c 0x00000000   Number         0  controllerfunctions.o ABSOLUTE
    C:\Keil_v5\ARM\PACK\ARM\CMSIS\5.7.0\CMSIS\DSP\Source\DistanceFunctions\DistanceFunctions.c 0x00000000   Number         0  distancefunctions.o ABSOLUTE
    C:\Keil_v5\ARM\PACK\ARM\CMSIS\5.7.0\CMSIS\DSP\Source\FastMathFunctions\FastMathFunctions.c 0x00000000   Number         0  fastmathfunctions.o ABSOLUTE
    C:\Keil_v5\ARM\PACK\ARM\CMSIS\5.7.0\CMSIS\DSP\Source\FilteringFunctions\FilteringFunctions.c 0x00000000   Number         0  filteringfunctions.o ABSOLUTE
    C:\Keil_v5\ARM\PACK\ARM\CMSIS\5.7.0\CMSIS\DSP\Source\MatrixFunctions\MatrixFunctions.c 0x00000000   Number         0  matrixfunctions.o ABSOLUTE
    C:\Keil_v5\ARM\PACK\ARM\CMSIS\5.7.0\CMSIS\DSP\Source\SVMFunctions\SVMFunctions.c 0x00000000   Number         0  svmfunctions.o ABSOLUTE
    C:\Keil_v5\ARM\PACK\ARM\CMSIS\5.7.0\CMSIS\DSP\Source\StatisticsFunctions\StatisticsFunctions.c 0x00000000   Number         0  statisticsfunctions.o ABSOLUTE
    C:\Keil_v5\ARM\PACK\ARM\CMSIS\5.7.0\CMSIS\DSP\Source\SupportFunctions\SupportFunctions.c 0x00000000   Number         0  supportfunctions.o ABSOLUTE
    C:\Keil_v5\ARM\PACK\ARM\CMSIS\5.7.0\CMSIS\DSP\Source\TransformFunctions\TransformFunctions.c 0x00000000   Number         0  transformfunctions.o ABSOLUTE
    C:\Keil_v5\ARM\PACK\Keil\STM32F1xx_DFP\2.3.0\Device\StdPeriph_Driver\src\misc.c 0x00000000   Number         0  misc.o ABSOLUTE
    C:\Keil_v5\ARM\PACK\Keil\STM32F1xx_DFP\2.3.0\Device\StdPeriph_Driver\src\stm32f10x_adc.c 0x00000000   Number         0  stm32f10x_adc.o ABSOLUTE
    C:\Keil_v5\ARM\PACK\Keil\STM32F1xx_DFP\2.3.0\Device\StdPeriph_Driver\src\stm32f10x_dma.c 0x00000000   Number         0  stm32f10x_dma.o ABSOLUTE
    C:\Keil_v5\ARM\PACK\Keil\STM32F1xx_DFP\2.3.0\Device\StdPeriph_Driver\src\stm32f10x_flash.c 0x00000000   Number         0  stm32f10x_flash.o ABSOLUTE
    C:\Keil_v5\ARM\PACK\Keil\STM32F1xx_DFP\2.3.0\Device\StdPeriph_Driver\src\stm32f10x_gpio.c 0x00000000   Number         0  stm32f10x_gpio.o ABSOLUTE
    C:\Keil_v5\ARM\PACK\Keil\STM32F1xx_DFP\2.3.0\Device\StdPeriph_Driver\src\stm32f10x_rcc.c 0x00000000   Number         0  stm32f10x_rcc.o ABSOLUTE
    C:\Keil_v5\ARM\PACK\Keil\STM32F1xx_DFP\2.3.0\Device\StdPeriph_Driver\src\stm32f10x_tim.c 0x00000000   Number         0  stm32f10x_tim.o ABSOLUTE
    C:\Keil_v5\ARM\PACK\Keil\STM32F1xx_DFP\2.3.0\RTE_Driver\GPIO_STM32F10x.c 0x00000000   Number         0  gpio_stm32f10x.o ABSOLUTE
    C:\\Keil_v5\\ARM\\PACK\\ARM\\CMSIS\\5.7.0\\CMSIS\\DSP\\Source\\BasicMathFunctions\\BasicMathFunctions.c 0x00000000   Number         0  basicmathfunctions.o ABSOLUTE
    C:\\Keil_v5\\ARM\\PACK\\ARM\\CMSIS\\5.7.0\\CMSIS\\DSP\\Source\\BayesFunctions\\BayesFunctions.c 0x00000000   Number         0  bayesfunctions.o ABSOLUTE
    C:\\Keil_v5\\ARM\\PACK\\ARM\\CMSIS\\5.7.0\\CMSIS\\DSP\\Source\\CommonTables\\CommonTables.c 0x00000000   Number         0  commontables.o ABSOLUTE
    C:\\Keil_v5\\ARM\\PACK\\ARM\\CMSIS\\5.7.0\\CMSIS\\DSP\\Source\\ComplexMathFunctions\\ComplexMathFunctions.c 0x00000000   Number         0  complexmathfunctions.o ABSOLUTE
    C:\\Keil_v5\\ARM\\PACK\\ARM\\CMSIS\\5.7.0\\CMSIS\\DSP\\Source\\ControllerFunctions\\ControllerFunctions.c 0x00000000   Number         0  controllerfunctions.o ABSOLUTE
    C:\\Keil_v5\\ARM\\PACK\\ARM\\CMSIS\\5.7.0\\CMSIS\\DSP\\Source\\DistanceFunctions\\DistanceFunctions.c 0x00000000   Number         0  distancefunctions.o ABSOLUTE
    C:\\Keil_v5\\ARM\\PACK\\ARM\\CMSIS\\5.7.0\\CMSIS\\DSP\\Source\\FastMathFunctions\\FastMathFunctions.c 0x00000000   Number         0  fastmathfunctions.o ABSOLUTE
    C:\\Keil_v5\\ARM\\PACK\\ARM\\CMSIS\\5.7.0\\CMSIS\\DSP\\Source\\FilteringFunctions\\FilteringFunctions.c 0x00000000   Number         0  filteringfunctions.o ABSOLUTE
    C:\\Keil_v5\\ARM\\PACK\\ARM\\CMSIS\\5.7.0\\CMSIS\\DSP\\Source\\MatrixFunctions\\MatrixFunctions.c 0x00000000   Number         0  matrixfunctions.o ABSOLUTE
    C:\\Keil_v5\\ARM\\PACK\\ARM\\CMSIS\\5.7.0\\CMSIS\\DSP\\Source\\SVMFunctions\\SVMFunctions.c 0x00000000   Number         0  svmfunctions.o ABSOLUTE
    C:\\Keil_v5\\ARM\\PACK\\ARM\\CMSIS\\5.7.0\\CMSIS\\DSP\\Source\\StatisticsFunctions\\StatisticsFunctions.c 0x00000000   Number         0  statisticsfunctions.o ABSOLUTE
    C:\\Keil_v5\\ARM\\PACK\\ARM\\CMSIS\\5.7.0\\CMSIS\\DSP\\Source\\SupportFunctions\\SupportFunctions.c 0x00000000   Number         0  supportfunctions.o ABSOLUTE
    C:\\Keil_v5\\ARM\\PACK\\ARM\\CMSIS\\5.7.0\\CMSIS\\DSP\\Source\\TransformFunctions\\TransformFunctions.c 0x00000000   Number         0  transformfunctions.o ABSOLUTE
    C:\\Keil_v5\\ARM\\PACK\\Keil\\STM32F1xx_DFP\\2.3.0\\Device\\StdPeriph_Driver\\src\\misc.c 0x00000000   Number         0  misc.o ABSOLUTE
    C:\\Keil_v5\\ARM\\PACK\\Keil\\STM32F1xx_DFP\\2.3.0\\Device\\StdPeriph_Driver\\src\\stm32f10x_adc.c 0x00000000   Number         0  stm32f10x_adc.o ABSOLUTE
    C:\\Keil_v5\\ARM\\PACK\\Keil\\STM32F1xx_DFP\\2.3.0\\Device\\StdPeriph_Driver\\src\\stm32f10x_dma.c 0x00000000   Number         0  stm32f10x_dma.o ABSOLUTE
    C:\\Keil_v5\\ARM\\PACK\\Keil\\STM32F1xx_DFP\\2.3.0\\Device\\StdPeriph_Driver\\src\\stm32f10x_flash.c 0x00000000   Number         0  stm32f10x_flash.o ABSOLUTE
    C:\\Keil_v5\\ARM\\PACK\\Keil\\STM32F1xx_DFP\\2.3.0\\Device\\StdPeriph_Driver\\src\\stm32f10x_gpio.c 0x00000000   Number         0  stm32f10x_gpio.o ABSOLUTE
    C:\\Keil_v5\\ARM\\PACK\\Keil\\STM32F1xx_DFP\\2.3.0\\Device\\StdPeriph_Driver\\src\\stm32f10x_rcc.c 0x00000000   Number         0  stm32f10x_rcc.o ABSOLUTE
    C:\\Keil_v5\\ARM\\PACK\\Keil\\STM32F1xx_DFP\\2.3.0\\Device\\StdPeriph_Driver\\src\\stm32f10x_tim.c 0x00000000   Number         0  stm32f10x_tim.o ABSOLUTE
    C:\\Keil_v5\\ARM\\PACK\\Keil\\STM32F1xx_DFP\\2.3.0\\RTE_Driver\\GPIO_STM32F10x.c 0x00000000   Number         0  gpio_stm32f10x.o ABSOLUTE
    MainW3p.c                                0x00000000   Number         0  mainw3p.o ABSOLUTE
    MainW3p.c                                0x00000000   Number         0  mainw3p.o ABSOLUTE
    RTE\Device\STM32F103C8\startup_stm32f10x_md.s 0x00000000   Number         0  startup_stm32f10x_md.o ABSOLUTE
    RTE\Device\STM32F103C8\system_stm32f10x.c 0x00000000   Number         0  system_stm32f10x.o ABSOLUTE
    RTE\\Device\\STM32F103C8\\system_stm32f10x.c 0x00000000   Number         0  system_stm32f10x.o ABSOLUTE
    dc.s                                     0x00000000   Number         0  dc.o ABSOLUTE
    RESET                                    0x08000000   Section      236  startup_stm32f10x_md.o(RESET)
    !!!main                                  0x080000ec   Section        8  __main.o(!!!main)
    !!!scatter                               0x080000f4   Section       52  __scatter.o(!!!scatter)
    !!handler_copy                           0x08000128   Section       26  __scatter_copy.o(!!handler_copy)
    !!handler_zi                             0x08000144   Section       28  __scatter_zi.o(!!handler_zi)
    .ARM.Collect$$libinit$$00000000          0x08000160   Section        2  libinit.o(.ARM.Collect$$libinit$$00000000)
    .ARM.Collect$$libinit$$00000002          0x08000162   Section        0  libinit2.o(.ARM.Collect$$libinit$$00000002)
    .ARM.Collect$$libinit$$00000004          0x08000162   Section        0  libinit2.o(.ARM.Collect$$libinit$$00000004)
    .ARM.Collect$$libinit$$0000000A          0x08000162   Section        0  libinit2.o(.ARM.Collect$$libinit$$0000000A)
    .ARM.Collect$$libinit$$0000000C          0x08000162   Section        0  libinit2.o(.ARM.Collect$$libinit$$0000000C)
    .ARM.Collect$$libinit$$0000000E          0x08000162   Section        0  libinit2.o(.ARM.Collect$$libinit$$0000000E)
    .ARM.Collect$$libinit$$00000011          0x08000162   Section        0  libinit2.o(.ARM.Collect$$libinit$$00000011)
    .ARM.Collect$$libinit$$00000013          0x08000162   Section        0  libinit2.o(.ARM.Collect$$libinit$$00000013)
    .ARM.Collect$$libinit$$00000015          0x08000162   Section        0  libinit2.o(.ARM.Collect$$libinit$$00000015)
    .ARM.Collect$$libinit$$00000017          0x08000162   Section        0  libinit2.o(.ARM.Collect$$libinit$$00000017)
    .ARM.Collect$$libinit$$00000019          0x08000162   Section        0  libinit2.o(.ARM.Collect$$libinit$$00000019)
    .ARM.Collect$$libinit$$0000001B          0x08000162   Section        0  libinit2.o(.ARM.Collect$$libinit$$0000001B)
    .ARM.Collect$$libinit$$0000001D          0x08000162   Section        0  libinit2.o(.ARM.Collect$$libinit$$0000001D)
    .ARM.Collect$$libinit$$0000001F          0x08000162   Section        0  libinit2.o(.ARM.Collect$$libinit$$0000001F)
    .ARM.Collect$$libinit$$00000021          0x08000162   Section        0  libinit2.o(.ARM.Collect$$libinit$$00000021)
    .ARM.Collect$$libinit$$00000023          0x08000162   Section        0  libinit2.o(.ARM.Collect$$libinit$$00000023)
    .ARM.Collect$$libinit$$00000025          0x08000162   Section        0  libinit2.o(.ARM.Collect$$libinit$$00000025)
    .ARM.Collect$$libinit$$0000002C          0x08000162   Section        0  libinit2.o(.ARM.Collect$$libinit$$0000002C)
    .ARM.Collect$$libinit$$0000002E          0x08000162   Section        0  libinit2.o(.ARM.Collect$$libinit$$0000002E)
    .ARM.Collect$$libinit$$00000030          0x08000162   Section        0  libinit2.o(.ARM.Collect$$libinit$$00000030)
    .ARM.Collect$$libinit$$00000032          0x08000162   Section        0  libinit2.o(.ARM.Collect$$libinit$$00000032)
    .ARM.Collect$$libinit$$00000033          0x08000162   Section        2  libinit2.o(.ARM.Collect$$libinit$$00000033)
    .ARM.Collect$$libshutdown$$00000000      0x08000164   Section        2  libshutdown.o(.ARM.Collect$$libshutdown$$00000000)
    .ARM.Collect$$libshutdown$$00000002      0x08000166   Section        0  libshutdown2.o(.ARM.Collect$$libshutdown$$00000002)
    .ARM.Collect$$libshutdown$$00000004      0x08000166   Section        0  libshutdown2.o(.ARM.Collect$$libshutdown$$00000004)
    .ARM.Collect$$libshutdown$$00000007      0x08000166   Section        0  libshutdown2.o(.ARM.Collect$$libshutdown$$00000007)
    .ARM.Collect$$libshutdown$$0000000A      0x08000166   Section        0  libshutdown2.o(.ARM.Collect$$libshutdown$$0000000A)
    .ARM.Collect$$libshutdown$$0000000C      0x08000166   Section        0  libshutdown2.o(.ARM.Collect$$libshutdown$$0000000C)
    .ARM.Collect$$libshutdown$$0000000F      0x08000166   Section        0  libshutdown2.o(.ARM.Collect$$libshutdown$$0000000F)
    .ARM.Collect$$libshutdown$$00000010      0x08000166   Section        2  libshutdown2.o(.ARM.Collect$$libshutdown$$00000010)
    .ARM.Collect$$rtentry$$00000000          0x08000168   Section        0  __rtentry.o(.ARM.Collect$$rtentry$$00000000)
    .ARM.Collect$$rtentry$$00000002          0x08000168   Section        0  __rtentry2.o(.ARM.Collect$$rtentry$$00000002)
    .ARM.Collect$$rtentry$$00000004          0x08000168   Section        6  __rtentry4.o(.ARM.Collect$$rtentry$$00000004)
    .ARM.Collect$$rtentry$$00000009          0x0800016e   Section        0  __rtentry2.o(.ARM.Collect$$rtentry$$00000009)
    .ARM.Collect$$rtentry$$0000000A          0x0800016e   Section        4  __rtentry2.o(.ARM.Collect$$rtentry$$0000000A)
    .ARM.Collect$$rtentry$$0000000C          0x08000172   Section        0  __rtentry2.o(.ARM.Collect$$rtentry$$0000000C)
    .ARM.Collect$$rtentry$$0000000D          0x08000172   Section        8  __rtentry2.o(.ARM.Collect$$rtentry$$0000000D)
    .ARM.Collect$$rtexit$$00000000           0x0800017a   Section        2  rtexit.o(.ARM.Collect$$rtexit$$00000000)
    .ARM.Collect$$rtexit$$00000002           0x0800017c   Section        0  rtexit2.o(.ARM.Collect$$rtexit$$00000002)
    .ARM.Collect$$rtexit$$00000003           0x0800017c   Section        4  rtexit2.o(.ARM.Collect$$rtexit$$00000003)
    .ARM.Collect$$rtexit$$00000004           0x08000180   Section        6  rtexit2.o(.ARM.Collect$$rtexit$$00000004)
    .text                                    0x08000188   Section       64  startup_stm32f10x_md.o(.text)
    .text                                    0x080001c8   Section        0  heapauxi.o(.text)
    .text                                    0x080001ce   Section        0  _rserrno.o(.text)
    .text                                    0x080001e4   Section        8  rt_errno_addr_intlibspace.o(.text)
    .text                                    0x080001ec   Section        8  libspace.o(.text)
    .text                                    0x080001f4   Section       74  sys_stackheap_outer.o(.text)
    .text                                    0x0800023e   Section        0  exit.o(.text)
    .text                                    0x08000250   Section        0  sys_exit.o(.text)
    .text                                    0x0800025c   Section        2  use_no_semi.o(.text)
    .text                                    0x0800025e   Section        0  indicate_semi.o(.text)
    i.ADC1_2_IRQHandler                      0x08000260   Section        0  mainw3p.o(i.ADC1_2_IRQHandler)
    i.ADC_AnalogWatchdogCmd                  0x08000364   Section        0  stm32f10x_adc.o(i.ADC_AnalogWatchdogCmd)
    i.ADC_AnalogWatchdogSingleChannelConfig  0x08000378   Section        0  stm32f10x_adc.o(i.ADC_AnalogWatchdogSingleChannelConfig)
    i.ADC_AnalogWatchdogThresholdsConfig     0x08000388   Section        0  stm32f10x_adc.o(i.ADC_AnalogWatchdogThresholdsConfig)
    i.ADC_ClearITPendingBit                  0x0800038e   Section        0  stm32f10x_adc.o(i.ADC_ClearITPendingBit)
    i.ADC_Cmd                                0x08000398   Section        0  stm32f10x_adc.o(i.ADC_Cmd)
    i.ADC_GetCalibrationStatus               0x080003ae   Section        0  stm32f10x_adc.o(i.ADC_GetCalibrationStatus)
    i.ADC_GetConversionValue                 0x080003c2   Section        0  stm32f10x_adc.o(i.ADC_GetConversionValue)
    i.ADC_GetFlagStatus                      0x080003ca   Section        0  stm32f10x_adc.o(i.ADC_GetFlagStatus)
    i.ADC_GetITStatus                        0x080003dc   Section        0  stm32f10x_adc.o(i.ADC_GetITStatus)
    i.ADC_GetResetCalibrationStatus          0x08000400   Section        0  stm32f10x_adc.o(i.ADC_GetResetCalibrationStatus)
    i.ADC_ITConfig                           0x08000414   Section        0  stm32f10x_adc.o(i.ADC_ITConfig)
    i.ADC_Init                               0x0800042c   Section        0  stm32f10x_adc.o(i.ADC_Init)
    i.ADC_RegularChannelConfig               0x0800047c   Section        0  stm32f10x_adc.o(i.ADC_RegularChannelConfig)
    i.ADC_ResetCalibration                   0x08000534   Section        0  stm32f10x_adc.o(i.ADC_ResetCalibration)
    i.ADC_SoftwareStartConvCmd               0x0800053e   Section        0  stm32f10x_adc.o(i.ADC_SoftwareStartConvCmd)
    i.ADC_StartCalibration                   0x08000554   Section        0  stm32f10x_adc.o(i.ADC_StartCalibration)
    i.ADC_StructInit                         0x0800055e   Section        0  stm32f10x_adc.o(i.ADC_StructInit)
    i.Abs                                    0x08000570   Section        0  mainw3p.o(i.Abs)
    i.AmpControlOK                           0x08000580   Section        0  mainw3p.o(i.AmpControlOK)
    i.DMA_Cmd                                0x08000634   Section        0  stm32f10x_dma.o(i.DMA_Cmd)
    i.DMA_Init                               0x0800064c   Section        0  stm32f10x_dma.o(i.DMA_Init)
    i.DMA_StructInit                         0x08000688   Section        0  stm32f10x_dma.o(i.DMA_StructInit)
    i.DoErrorState                           0x080006a4   Section        0  mainw3p.o(i.DoErrorState)
    i.GPIO_Init                              0x080006c8   Section        0  stm32f10x_gpio.o(i.GPIO_Init)
    i.GPIO_ReadInputDataBit                  0x080007de   Section        0  stm32f10x_gpio.o(i.GPIO_ReadInputDataBit)
    i.GPIO_ResetBits                         0x080007f0   Section        0  stm32f10x_gpio.o(i.GPIO_ResetBits)
    i.GPIO_SetBits                           0x080007f4   Section        0  stm32f10x_gpio.o(i.GPIO_SetBits)
    i.GPIO_StructInit                        0x080007f8   Section        0  stm32f10x_gpio.o(i.GPIO_StructInit)
    i.GetValFriq                             0x08000808   Section        0  mainw3p.o(i.GetValFriq)
    i.InitIO2Manual                          0x080008c8   Section        0  mainw3p.o(i.InitIO2Manual)
    i.NVIC_Init                              0x0800099c   Section        0  misc.o(i.NVIC_Init)
    i.PowerInit                              0x08000a0c   Section        0  mainw3p.o(i.PowerInit)
    i.RCC_AHBPeriphClockCmd                  0x08000a98   Section        0  stm32f10x_rcc.o(i.RCC_AHBPeriphClockCmd)
    i.RCC_APB2PeriphClockCmd                 0x08000ab8   Section        0  stm32f10x_rcc.o(i.RCC_APB2PeriphClockCmd)
    i.SetFrequency                           0x08000ad8   Section        0  mainw3p.o(i.SetFrequency)
    i.SetPrescaler                           0x08000b94   Section        0  mainw3p.o(i.SetPrescaler)
    i.SetSysClock                            0x08000c18   Section        0  system_stm32f10x.o(i.SetSysClock)
    SetSysClock                              0x08000c19   Thumb Code     8  system_stm32f10x.o(i.SetSysClock)
    i.SetSysClockTo72                        0x08000c20   Section        0  system_stm32f10x.o(i.SetSysClockTo72)
    SetSysClockTo72                          0x08000c21   Thumb Code   214  system_stm32f10x.o(i.SetSysClockTo72)
    i.Start                                  0x08000d00   Section        0  mainw3p.o(i.Start)
    i.Stop                                   0x08000e88   Section        0  mainw3p.o(i.Stop)
    i.SystemInit                             0x0800101c   Section        0  system_stm32f10x.o(i.SystemInit)
    i.TIM_BDTRConfig                         0x0800107c   Section        0  stm32f10x_tim.o(i.TIM_BDTRConfig)
    i.TIM_Cmd                                0x0800109c   Section        0  stm32f10x_tim.o(i.TIM_Cmd)
    i.TIM_CtrlPWMOutputs                     0x080010b4   Section        0  stm32f10x_tim.o(i.TIM_CtrlPWMOutputs)
    i.TIM_DMACmd                             0x080010d2   Section        0  stm32f10x_tim.o(i.TIM_DMACmd)
    i.TIM_OC1Init                            0x080010e4   Section        0  stm32f10x_tim.o(i.TIM_OC1Init)
    i.TIM_OC1PreloadConfig                   0x0800117c   Section        0  stm32f10x_tim.o(i.TIM_OC1PreloadConfig)
    i.TIM_OC2Init                            0x08001190   Section        0  stm32f10x_tim.o(i.TIM_OC2Init)
    i.TIM_OC2PreloadConfig                   0x08001234   Section        0  stm32f10x_tim.o(i.TIM_OC2PreloadConfig)
    i.TIM_OC3Init                            0x08001250   Section        0  stm32f10x_tim.o(i.TIM_OC3Init)
    i.TIM_OC3PreloadConfig                   0x080012f0   Section        0  stm32f10x_tim.o(i.TIM_OC3PreloadConfig)
    i.TIM_TimeBaseInit                       0x08001304   Section        0  stm32f10x_tim.o(i.TIM_TimeBaseInit)
    i.TIM_TimeBaseStructInit                 0x080013a8   Section        0  stm32f10x_tim.o(i.TIM_TimeBaseStructInit)
    i.ToStart                                0x080013bc   Section        0  mainw3p.o(i.ToStart)
    i.ToStop                                 0x08001408   Section        0  mainw3p.o(i.ToStop)
    i.__ARM_fpclassify                       0x08001438   Section        0  fpclassify.o(i.__ARM_fpclassify)
    i.__ieee754_rem_pio2                     0x08001460   Section        0  rred.o(i.__ieee754_rem_pio2)
    i.__kernel_cos                           0x080017e8   Section        0  cos_i.o(i.__kernel_cos)
    i.__kernel_poly                          0x080018e4   Section        0  poly.o(i.__kernel_poly)
    i.__kernel_sin                           0x08001990   Section        0  sin_i.o(i.__kernel_sin)
    i.__mathlib_dbl_infnan                   0x08001a7c   Section        0  dunder.o(i.__mathlib_dbl_infnan)
    i.__mathlib_dbl_invalid                  0x08001a82   Section        0  dunder.o(i.__mathlib_dbl_invalid)
    i.__mathlib_dbl_underflow                0x08001a90   Section        0  dunder.o(i.__mathlib_dbl_underflow)
    i.adcVoltage_init                        0x08001aa0   Section        0  mainw3p.o(i.adcVoltage_init)
    i.adc_init                               0x08001b6c   Section        0  mainw3p.o(i.adc_init)
    i.analogRead                             0x08001bd8   Section        0  mainw3p.o(i.analogRead)
    i.delay_ms                               0x08001c0c   Section        0  mainw3p.o(i.delay_ms)
    i.fminf                                  0x08001c5c   Section        0  fminf.o(i.fminf)
    i.initIO                                 0x08001c84   Section        0  mainw3p.o(i.initIO)
    i.main                                   0x08001cd4   Section        0  mainw3p.o(i.main)
    i.sin                                    0x08001e00   Section        0  sin.o(i.sin)
    i.sinDMA_PhaseA                          0x08001ea0   Section        0  mainw3p.o(i.sinDMA_PhaseA)
    i.sinDMA_PhaseB                          0x08001f0c   Section        0  mainw3p.o(i.sinDMA_PhaseB)
    i.sinDMA_PhaseC                          0x08001f70   Section        0  mainw3p.o(i.sinDMA_PhaseC)
    i.sin_table_update                       0x08001fd4   Section        0  mainw3p.o(i.sin_table_update)
    sin_table_update                         0x08001fd5   Thumb Code   356  mainw3p.o(i.sin_table_update)
    i.timers                                 0x08002164   Section        0  mainw3p.o(i.timers)
    x$fpl$d2f                                0x08002228   Section       98  d2f.o(x$fpl$d2f)
    x$fpl$dadd                               0x0800228c   Section      336  daddsub_clz.o(x$fpl$dadd)
    _dadd1                                   0x0800229d   Thumb Code     0  daddsub_clz.o(x$fpl$dadd)
    x$fpl$dcheck1                            0x080023dc   Section       16  dcheck1.o(x$fpl$dcheck1)
    x$fpl$dcmpinf                            0x080023ec   Section       24  dcmpi.o(x$fpl$dcmpinf)
    x$fpl$ddiv                               0x08002404   Section      688  ddiv.o(x$fpl$ddiv)
    ddiv_entry                               0x0800240b   Thumb Code     0  ddiv.o(x$fpl$ddiv)
    x$fpl$dfix                               0x080026b4   Section       94  dfix.o(x$fpl$dfix)
    x$fpl$dfixu                              0x08002714   Section       90  dfixu.o(x$fpl$dfixu)
    x$fpl$dflt                               0x0800276e   Section       46  dflt_clz.o(x$fpl$dflt)
    x$fpl$dfltu                              0x0800279c   Section       38  dflt_clz.o(x$fpl$dfltu)
    x$fpl$dleqf                              0x080027c4   Section      120  dleqf.o(x$fpl$dleqf)
    x$fpl$dmul                               0x0800283c   Section      340  dmul.o(x$fpl$dmul)
    x$fpl$dnaninf                            0x08002990   Section      156  dnaninf.o(x$fpl$dnaninf)
    x$fpl$dretinf                            0x08002a2c   Section       12  dretinf.o(x$fpl$dretinf)
    x$fpl$drleqf                             0x08002a38   Section      108  drleqf.o(x$fpl$drleqf)
    x$fpl$drsb                               0x08002aa4   Section       22  daddsub_clz.o(x$fpl$drsb)
    x$fpl$dsub                               0x08002abc   Section      468  daddsub_clz.o(x$fpl$dsub)
    _dsub1                                   0x08002acd   Thumb Code     0  daddsub_clz.o(x$fpl$dsub)
    x$fpl$f2d                                0x08002c90   Section       86  f2d.o(x$fpl$f2d)
    x$fpl$fadd                               0x08002ce8   Section      196  faddsub_clz.o(x$fpl$fadd)
    _fadd1                                   0x08002cf7   Thumb Code     0  faddsub_clz.o(x$fpl$fadd)
    x$fpl$fcmp4                              0x08002dac   Section      142  fcmp4.o(x$fpl$fcmp4)
    x$fpl$fcmpinf                            0x08002e3a   Section       24  fcmpi.o(x$fpl$fcmpinf)
    x$fpl$fdiv                               0x08002e54   Section      388  fdiv.o(x$fpl$fdiv)
    _fdiv1                                   0x08002e55   Thumb Code     0  fdiv.o(x$fpl$fdiv)
    x$fpl$ffix                               0x08002fd8   Section       54  ffix.o(x$fpl$ffix)
    x$fpl$fflt                               0x08003010   Section       48  fflt_clz.o(x$fpl$fflt)
    x$fpl$ffltu                              0x08003040   Section       38  fflt_clz.o(x$fpl$ffltu)
    x$fpl$fmul                               0x08003068   Section      258  fmul.o(x$fpl$fmul)
    x$fpl$fnaninf                            0x0800316a   Section      140  fnaninf.o(x$fpl$fnaninf)
    x$fpl$fretinf                            0x080031f6   Section       10  fretinf.o(x$fpl$fretinf)
    x$fpl$fsub                               0x08003200   Section      234  faddsub_clz.o(x$fpl$fsub)
    _fsub1                                   0x0800320f   Thumb Code     0  faddsub_clz.o(x$fpl$fsub)
    x$fpl$retnan                             0x080032ea   Section      100  retnan.o(x$fpl$retnan)
    x$fpl$scalbn                             0x0800334e   Section       92  scalbn.o(x$fpl$scalbn)
    x$fpl$trapveneer                         0x080033aa   Section       48  trapv.o(x$fpl$trapveneer)
    x$fpl$usenofp                            0x080033da   Section        0  usenofp.o(x$fpl$usenofp)
    .constdata                               0x080033e0   Section       48  cos_i.o(.constdata)
    C                                        0x080033e0   Data          48  cos_i.o(.constdata)
    .constdata                               0x08003410   Section      200  rred.o(.constdata)
    pio2s                                    0x08003410   Data          48  rred.o(.constdata)
    twooverpi                                0x08003440   Data         152  rred.o(.constdata)
    .constdata                               0x080034d8   Section       40  sin_i.o(.constdata)
    S                                        0x080034d8   Data          40  sin_i.o(.constdata)
    .data                                    0x20000000   Section       25  mainw3p.o(.data)
    .data                                    0x2000001c   Section       20  system_stm32f10x.o(.data)
    .bss                                     0x20000030   Section     3440  mainw3p.o(.bss)
    .bss                                     0x20000da0   Section       96  libspace.o(.bss)
    HEAP                                     0x20000e00   Section      512  startup_stm32f10x_md.o(HEAP)
    Heap_Mem                                 0x20000e00   Data         512  startup_stm32f10x_md.o(HEAP)
    STACK                                    0x20001000   Section     1024  startup_stm32f10x_md.o(STACK)
    Stack_Mem                                0x20001000   Data        1024  startup_stm32f10x_md.o(STACK)
    __initial_sp                             0x20001400   Data           0  startup_stm32f10x_md.o(STACK)

    Global Symbols

    Symbol Name                              Value     Ov Type        Size  Object(Section)

    BuildAttributes$$THM_ISAv4$P$D$K$B$S$PE$A:L22UL41UL21$X:L11$S22US41US21$IEEE1$IW$USESV6$~STKCKD$USESV7$~SHL$OTIME$ROPI$IEEEX$EBA8$UX$STANDARDLIB$REQ8$PRES8$EABIv2 0x00000000   Number         0  anon$$obj.o ABSOLUTE
    __ARM_use_no_argv                        0x00000000   Number         0  mainw3p.o ABSOLUTE
    __ARM_exceptions_init                     - Undefined Weak Reference
    __alloca_initialize                       - Undefined Weak Reference
    __arm_preinit_                            - Undefined Weak Reference
    __cpp_initialize__aeabi_                  - Undefined Weak Reference
    __cxa_finalize                            - Undefined Weak Reference
    __rt_locale                               - Undefined Weak Reference
    __sigvec_lookup                           - Undefined Weak Reference
    _atexit_init                              - Undefined Weak Reference
    _call_atexit_fns                          - Undefined Weak Reference
    _clock_init                               - Undefined Weak Reference
    _fp_trap_init                             - Undefined Weak Reference
    _fp_trap_shutdown                         - Undefined Weak Reference
    _get_lc_collate                           - Undefined Weak Reference
    _get_lc_ctype                             - Undefined Weak Reference
    _get_lc_monetary                          - Undefined Weak Reference
    _get_lc_numeric                           - Undefined Weak Reference
    _get_lc_time                              - Undefined Weak Reference
    _getenv_init                              - Undefined Weak Reference
    _handle_redirection                       - Undefined Weak Reference
    _init_alloc                               - Undefined Weak Reference
    _init_user_alloc                          - Undefined Weak Reference
    _initio                                   - Undefined Weak Reference
    _rand_init                                - Undefined Weak Reference
    _signal_finish                            - Undefined Weak Reference
    _signal_init                              - Undefined Weak Reference
    _terminate_alloc                          - Undefined Weak Reference
    _terminate_user_alloc                     - Undefined Weak Reference
    _terminateio                              - Undefined Weak Reference
    __Vectors_Size                           0x000000ec   Number         0  startup_stm32f10x_md.o ABSOLUTE
    __Vectors                                0x08000000   Data           4  startup_stm32f10x_md.o(RESET)
    __Vectors_End                            0x080000ec   Data           0  startup_stm32f10x_md.o(RESET)
    __main                                   0x080000ed   Thumb Code     8  __main.o(!!!main)
    __scatterload                            0x080000f5   Thumb Code     0  __scatter.o(!!!scatter)
    __scatterload_rt2                        0x080000f5   Thumb Code    44  __scatter.o(!!!scatter)
    __scatterload_rt2_thumb_only             0x080000f5   Thumb Code     0  __scatter.o(!!!scatter)
    __scatterload_null                       0x08000103   Thumb Code     0  __scatter.o(!!!scatter)
    __scatterload_copy                       0x08000129   Thumb Code    26  __scatter_copy.o(!!handler_copy)
    __scatterload_zeroinit                   0x08000145   Thumb Code    28  __scatter_zi.o(!!handler_zi)
    __rt_lib_init                            0x08000161   Thumb Code     0  libinit.o(.ARM.Collect$$libinit$$00000000)
    __rt_lib_init_alloca_1                   0x08000163   Thumb Code     0  libinit2.o(.ARM.Collect$$libinit$$0000002E)
    __rt_lib_init_argv_1                     0x08000163   Thumb Code     0  libinit2.o(.ARM.Collect$$libinit$$0000002C)
    __rt_lib_init_atexit_1                   0x08000163   Thumb Code     0  libinit2.o(.ARM.Collect$$libinit$$0000001B)
    __rt_lib_init_clock_1                    0x08000163   Thumb Code     0  libinit2.o(.ARM.Collect$$libinit$$00000021)
    __rt_lib_init_cpp_1                      0x08000163   Thumb Code     0  libinit2.o(.ARM.Collect$$libinit$$00000032)
    __rt_lib_init_exceptions_1               0x08000163   Thumb Code     0  libinit2.o(.ARM.Collect$$libinit$$00000030)
    __rt_lib_init_fp_1                       0x08000163   Thumb Code     0  libinit2.o(.ARM.Collect$$libinit$$00000002)
    __rt_lib_init_fp_trap_1                  0x08000163   Thumb Code     0  libinit2.o(.ARM.Collect$$libinit$$0000001F)
    __rt_lib_init_getenv_1                   0x08000163   Thumb Code     0  libinit2.o(.ARM.Collect$$libinit$$00000023)
    __rt_lib_init_heap_1                     0x08000163   Thumb Code     0  libinit2.o(.ARM.Collect$$libinit$$0000000A)
    __rt_lib_init_lc_collate_1               0x08000163   Thumb Code     0  libinit2.o(.ARM.Collect$$libinit$$00000011)
    __rt_lib_init_lc_ctype_1                 0x08000163   Thumb Code     0  libinit2.o(.ARM.Collect$$libinit$$00000013)
    __rt_lib_init_lc_monetary_1              0x08000163   Thumb Code     0  libinit2.o(.ARM.Collect$$libinit$$00000015)
    __rt_lib_init_lc_numeric_1               0x08000163   Thumb Code     0  libinit2.o(.ARM.Collect$$libinit$$00000017)
    __rt_lib_init_lc_time_1                  0x08000163   Thumb Code     0  libinit2.o(.ARM.Collect$$libinit$$00000019)
    __rt_lib_init_preinit_1                  0x08000163   Thumb Code     0  libinit2.o(.ARM.Collect$$libinit$$00000004)
    __rt_lib_init_rand_1                     0x08000163   Thumb Code     0  libinit2.o(.ARM.Collect$$libinit$$0000000E)
    __rt_lib_init_return                     0x08000163   Thumb Code     0  libinit2.o(.ARM.Collect$$libinit$$00000033)
    __rt_lib_init_signal_1                   0x08000163   Thumb Code     0  libinit2.o(.ARM.Collect$$libinit$$0000001D)
    __rt_lib_init_stdio_1                    0x08000163   Thumb Code     0  libinit2.o(.ARM.Collect$$libinit$$00000025)
    __rt_lib_init_user_alloc_1               0x08000163   Thumb Code     0  libinit2.o(.ARM.Collect$$libinit$$0000000C)
    __rt_lib_shutdown                        0x08000165   Thumb Code     0  libshutdown.o(.ARM.Collect$$libshutdown$$00000000)
    __rt_lib_shutdown_cpp_1                  0x08000167   Thumb Code     0  libshutdown2.o(.ARM.Collect$$libshutdown$$00000002)
    __rt_lib_shutdown_fp_trap_1              0x08000167   Thumb Code     0  libshutdown2.o(.ARM.Collect$$libshutdown$$00000007)
    __rt_lib_shutdown_heap_1                 0x08000167   Thumb Code     0  libshutdown2.o(.ARM.Collect$$libshutdown$$0000000F)
    __rt_lib_shutdown_return                 0x08000167   Thumb Code     0  libshutdown2.o(.ARM.Collect$$libshutdown$$00000010)
    __rt_lib_shutdown_signal_1               0x08000167   Thumb Code     0  libshutdown2.o(.ARM.Collect$$libshutdown$$0000000A)
    __rt_lib_shutdown_stdio_1                0x08000167   Thumb Code     0  libshutdown2.o(.ARM.Collect$$libshutdown$$00000004)
    __rt_lib_shutdown_user_alloc_1           0x08000167   Thumb Code     0  libshutdown2.o(.ARM.Collect$$libshutdown$$0000000C)
    __rt_entry                               0x08000169   Thumb Code     0  __rtentry.o(.ARM.Collect$$rtentry$$00000000)
    __rt_entry_presh_1                       0x08000169   Thumb Code     0  __rtentry2.o(.ARM.Collect$$rtentry$$00000002)
    __rt_entry_sh                            0x08000169   Thumb Code     0  __rtentry4.o(.ARM.Collect$$rtentry$$00000004)
    __rt_entry_li                            0x0800016f   Thumb Code     0  __rtentry2.o(.ARM.Collect$$rtentry$$0000000A)
    __rt_entry_postsh_1                      0x0800016f   Thumb Code     0  __rtentry2.o(.ARM.Collect$$rtentry$$00000009)
    __rt_entry_main                          0x08000173   Thumb Code     0  __rtentry2.o(.ARM.Collect$$rtentry$$0000000D)
    __rt_entry_postli_1                      0x08000173   Thumb Code     0  __rtentry2.o(.ARM.Collect$$rtentry$$0000000C)
    __rt_exit                                0x0800017b   Thumb Code     0  rtexit.o(.ARM.Collect$$rtexit$$00000000)
    __rt_exit_ls                             0x0800017d   Thumb Code     0  rtexit2.o(.ARM.Collect$$rtexit$$00000003)
    __rt_exit_prels_1                        0x0800017d   Thumb Code     0  rtexit2.o(.ARM.Collect$$rtexit$$00000002)
    __rt_exit_exit                           0x08000181   Thumb Code     0  rtexit2.o(.ARM.Collect$$rtexit$$00000004)
    Reset_Handler                            0x08000189   Thumb Code     8  startup_stm32f10x_md.o(.text)
    NMI_Handler                              0x08000191   Thumb Code     2  startup_stm32f10x_md.o(.text)
    HardFault_Handler                        0x08000193   Thumb Code     2  startup_stm32f10x_md.o(.text)
    MemManage_Handler                        0x08000195   Thumb Code     2  startup_stm32f10x_md.o(.text)
    BusFault_Handler                         0x08000197   Thumb Code     2  startup_stm32f10x_md.o(.text)
    UsageFault_Handler                       0x08000199   Thumb Code     2  startup_stm32f10x_md.o(.text)
    SVC_Handler                              0x0800019b   Thumb Code     2  startup_stm32f10x_md.o(.text)
    DebugMon_Handler                         0x0800019d   Thumb Code     2  startup_stm32f10x_md.o(.text)
    PendSV_Handler                           0x0800019f   Thumb Code     2  startup_stm32f10x_md.o(.text)
    SysTick_Handler                          0x080001a1   Thumb Code     2  startup_stm32f10x_md.o(.text)
    CAN1_RX1_IRQHandler                      0x080001a3   Thumb Code     0  startup_stm32f10x_md.o(.text)
    CAN1_SCE_IRQHandler                      0x080001a3   Thumb Code     0  startup_stm32f10x_md.o(.text)
    DMA1_Channel1_IRQHandler                 0x080001a3   Thumb Code     0  startup_stm32f10x_md.o(.text)
    DMA1_Channel2_IRQHandler                 0x080001a3   Thumb Code     0  startup_stm32f10x_md.o(.text)
    DMA1_Channel3_IRQHandler                 0x080001a3   Thumb Code     0  startup_stm32f10x_md.o(.text)
    DMA1_Channel4_IRQHandler                 0x080001a3   Thumb Code     0  startup_stm32f10x_md.o(.text)
    DMA1_Channel5_IRQHandler                 0x080001a3   Thumb Code     0  startup_stm32f10x_md.o(.text)
    DMA1_Channel6_IRQHandler                 0x080001a3   Thumb Code     0  startup_stm32f10x_md.o(.text)
    DMA1_Channel7_IRQHandler                 0x080001a3   Thumb Code     0  startup_stm32f10x_md.o(.text)
    EXTI0_IRQHandler                         0x080001a3   Thumb Code     0  startup_stm32f10x_md.o(.text)
    EXTI15_10_IRQHandler                     0x080001a3   Thumb Code     0  startup_stm32f10x_md.o(.text)
    EXTI1_IRQHandler                         0x080001a3   Thumb Code     0  startup_stm32f10x_md.o(.text)
    EXTI2_IRQHandler                         0x080001a3   Thumb Code     0  startup_stm32f10x_md.o(.text)
    EXTI3_IRQHandler                         0x080001a3   Thumb Code     0  startup_stm32f10x_md.o(.text)
    EXTI4_IRQHandler                         0x080001a3   Thumb Code     0  startup_stm32f10x_md.o(.text)
    EXTI9_5_IRQHandler                       0x080001a3   Thumb Code     0  startup_stm32f10x_md.o(.text)
    FLASH_IRQHandler                         0x080001a3   Thumb Code     0  startup_stm32f10x_md.o(.text)
    I2C1_ER_IRQHandler                       0x080001a3   Thumb Code     0  startup_stm32f10x_md.o(.text)
    I2C1_EV_IRQHandler                       0x080001a3   Thumb Code     0  startup_stm32f10x_md.o(.text)
    I2C2_ER_IRQHandler                       0x080001a3   Thumb Code     0  startup_stm32f10x_md.o(.text)
    I2C2_EV_IRQHandler                       0x080001a3   Thumb Code     0  startup_stm32f10x_md.o(.text)
    PVD_IRQHandler                           0x080001a3   Thumb Code     0  startup_stm32f10x_md.o(.text)
    RCC_IRQHandler                           0x080001a3   Thumb Code     0  startup_stm32f10x_md.o(.text)
    RTCAlarm_IRQHandler                      0x080001a3   Thumb Code     0  startup_stm32f10x_md.o(.text)
    RTC_IRQHandler                           0x080001a3   Thumb Code     0  startup_stm32f10x_md.o(.text)
    SPI1_IRQHandler                          0x080001a3   Thumb Code     0  startup_stm32f10x_md.o(.text)
    SPI2_IRQHandler                          0x080001a3   Thumb Code     0  startup_stm32f10x_md.o(.text)
    TAMPER_IRQHandler                        0x080001a3   Thumb Code     0  startup_stm32f10x_md.o(.text)
    TIM1_BRK_IRQHandler                      0x080001a3   Thumb Code     0  startup_stm32f10x_md.o(.text)
    TIM1_CC_IRQHandler                       0x080001a3   Thumb Code     0  startup_stm32f10x_md.o(.text)
    TIM1_TRG_COM_IRQHandler                  0x080001a3   Thumb Code     0  startup_stm32f10x_md.o(.text)
    TIM1_UP_IRQHandler                       0x080001a3   Thumb Code     0  startup_stm32f10x_md.o(.text)
    TIM2_IRQHandler                          0x080001a3   Thumb Code     0  startup_stm32f10x_md.o(.text)
    TIM3_IRQHandler                          0x080001a3   Thumb Code     0  startup_stm32f10x_md.o(.text)
    TIM4_IRQHandler                          0x080001a3   Thumb Code     0  startup_stm32f10x_md.o(.text)
    USART1_IRQHandler                        0x080001a3   Thumb Code     0  startup_stm32f10x_md.o(.text)
    USART2_IRQHandler                        0x080001a3   Thumb Code     0  startup_stm32f10x_md.o(.text)
    USART3_IRQHandler                        0x080001a3   Thumb Code     0  startup_stm32f10x_md.o(.text)
    USBWakeUp_IRQHandler                     0x080001a3   Thumb Code     0  startup_stm32f10x_md.o(.text)
    USB_HP_CAN1_TX_IRQHandler                0x080001a3   Thumb Code     0  startup_stm32f10x_md.o(.text)
    USB_LP_CAN1_RX0_IRQHandler               0x080001a3   Thumb Code     0  startup_stm32f10x_md.o(.text)
    WWDG_IRQHandler                          0x080001a3   Thumb Code     0  startup_stm32f10x_md.o(.text)
    __user_initial_stackheap                 0x080001a5   Thumb Code     0  startup_stm32f10x_md.o(.text)
    __use_two_region_memory                  0x080001c9   Thumb Code     2  heapauxi.o(.text)
    __rt_heap_escrow$2region                 0x080001cb   Thumb Code     2  heapauxi.o(.text)
    __rt_heap_expand$2region                 0x080001cd   Thumb Code     2  heapauxi.o(.text)
    __read_errno                             0x080001cf   Thumb Code    10  _rserrno.o(.text)
    __set_errno                              0x080001d9   Thumb Code    12  _rserrno.o(.text)
    __aeabi_errno_addr                       0x080001e5   Thumb Code     8  rt_errno_addr_intlibspace.o(.text)
    __errno$intlibspace                      0x080001e5   Thumb Code     0  rt_errno_addr_intlibspace.o(.text)
    __rt_errno_addr$intlibspace              0x080001e5   Thumb Code     0  rt_errno_addr_intlibspace.o(.text)
    __user_libspace                          0x080001ed   Thumb Code     8  libspace.o(.text)
    __user_perproc_libspace                  0x080001ed   Thumb Code     0  libspace.o(.text)
    __user_perthread_libspace                0x080001ed   Thumb Code     0  libspace.o(.text)
    __user_setup_stackheap                   0x080001f5   Thumb Code    74  sys_stackheap_outer.o(.text)
    exit                                     0x0800023f   Thumb Code    18  exit.o(.text)
    _sys_exit                                0x08000251   Thumb Code     8  sys_exit.o(.text)
    __I$use$semihosting                      0x0800025d   Thumb Code     0  use_no_semi.o(.text)
    __use_no_semihosting_swi                 0x0800025d   Thumb Code     2  use_no_semi.o(.text)
    __semihosting_library_function           0x0800025f   Thumb Code     0  indicate_semi.o(.text)
    ADC1_2_IRQHandler                        0x08000261   Thumb Code   222  mainw3p.o(i.ADC1_2_IRQHandler)
    ADC_AnalogWatchdogCmd                    0x08000365   Thumb Code    16  stm32f10x_adc.o(i.ADC_AnalogWatchdogCmd)
    ADC_AnalogWatchdogSingleChannelConfig    0x08000379   Thumb Code    16  stm32f10x_adc.o(i.ADC_AnalogWatchdogSingleChannelConfig)
    ADC_AnalogWatchdogThresholdsConfig       0x08000389   Thumb Code     6  stm32f10x_adc.o(i.ADC_AnalogWatchdogThresholdsConfig)
    ADC_ClearITPendingBit                    0x0800038f   Thumb Code    10  stm32f10x_adc.o(i.ADC_ClearITPendingBit)
    ADC_Cmd                                  0x08000399   Thumb Code    22  stm32f10x_adc.o(i.ADC_Cmd)
    ADC_GetCalibrationStatus                 0x080003af   Thumb Code    20  stm32f10x_adc.o(i.ADC_GetCalibrationStatus)
    ADC_GetConversionValue                   0x080003c3   Thumb Code     8  stm32f10x_adc.o(i.ADC_GetConversionValue)
    ADC_GetFlagStatus                        0x080003cb   Thumb Code    18  stm32f10x_adc.o(i.ADC_GetFlagStatus)
    ADC_GetITStatus                          0x080003dd   Thumb Code    36  stm32f10x_adc.o(i.ADC_GetITStatus)
    ADC_GetResetCalibrationStatus            0x08000401   Thumb Code    20  stm32f10x_adc.o(i.ADC_GetResetCalibrationStatus)
    ADC_ITConfig                             0x08000415   Thumb Code    24  stm32f10x_adc.o(i.ADC_ITConfig)
    ADC_Init                                 0x0800042d   Thumb Code    70  stm32f10x_adc.o(i.ADC_Init)
    ADC_RegularChannelConfig                 0x0800047d   Thumb Code   184  stm32f10x_adc.o(i.ADC_RegularChannelConfig)
    ADC_ResetCalibration                     0x08000535   Thumb Code    10  stm32f10x_adc.o(i.ADC_ResetCalibration)
    ADC_SoftwareStartConvCmd                 0x0800053f   Thumb Code    22  stm32f10x_adc.o(i.ADC_SoftwareStartConvCmd)
    ADC_StartCalibration                     0x08000555   Thumb Code    10  stm32f10x_adc.o(i.ADC_StartCalibration)
    ADC_StructInit                           0x0800055f   Thumb Code    18  stm32f10x_adc.o(i.ADC_StructInit)
    Abs                                      0x08000571   Thumb Code    14  mainw3p.o(i.Abs)
    AmpControlOK                             0x08000581   Thumb Code   162  mainw3p.o(i.AmpControlOK)
    DMA_Cmd                                  0x08000635   Thumb Code    24  stm32f10x_dma.o(i.DMA_Cmd)
    DMA_Init                                 0x0800064d   Thumb Code    60  stm32f10x_dma.o(i.DMA_Init)
    DMA_StructInit                           0x08000689   Thumb Code    26  stm32f10x_dma.o(i.DMA_StructInit)
    DoErrorState                             0x080006a5   Thumb Code    26  mainw3p.o(i.DoErrorState)
    GPIO_Init                                0x080006c9   Thumb Code   278  stm32f10x_gpio.o(i.GPIO_Init)
    GPIO_ReadInputDataBit                    0x080007df   Thumb Code    18  stm32f10x_gpio.o(i.GPIO_ReadInputDataBit)
    GPIO_ResetBits                           0x080007f1   Thumb Code     4  stm32f10x_gpio.o(i.GPIO_ResetBits)
    GPIO_SetBits                             0x080007f5   Thumb Code     4  stm32f10x_gpio.o(i.GPIO_SetBits)
    GPIO_StructInit                          0x080007f9   Thumb Code    16  stm32f10x_gpio.o(i.GPIO_StructInit)
    GetValFriq                               0x08000809   Thumb Code   168  mainw3p.o(i.GetValFriq)
    InitIO2Manual                            0x080008c9   Thumb Code   200  mainw3p.o(i.InitIO2Manual)
    NVIC_Init                                0x0800099d   Thumb Code   100  misc.o(i.NVIC_Init)
    PowerInit                                0x08000a0d   Thumb Code   122  mainw3p.o(i.PowerInit)
    RCC_AHBPeriphClockCmd                    0x08000a99   Thumb Code    26  stm32f10x_rcc.o(i.RCC_AHBPeriphClockCmd)
    RCC_APB2PeriphClockCmd                   0x08000ab9   Thumb Code    26  stm32f10x_rcc.o(i.RCC_APB2PeriphClockCmd)
    SetFrequency                             0x08000ad9   Thumb Code   152  mainw3p.o(i.SetFrequency)
    SetPrescaler                             0x08000b95   Thumb Code   114  mainw3p.o(i.SetPrescaler)
    Start                                    0x08000d01   Thumb Code   336  mainw3p.o(i.Start)
    Stop                                     0x08000e89   Thumb Code   346  mainw3p.o(i.Stop)
    SystemInit                               0x0800101d   Thumb Code    78  system_stm32f10x.o(i.SystemInit)
    TIM_BDTRConfig                           0x0800107d   Thumb Code    32  stm32f10x_tim.o(i.TIM_BDTRConfig)
    TIM_Cmd                                  0x0800109d   Thumb Code    24  stm32f10x_tim.o(i.TIM_Cmd)
    TIM_CtrlPWMOutputs                       0x080010b5   Thumb Code    30  stm32f10x_tim.o(i.TIM_CtrlPWMOutputs)
    TIM_DMACmd                               0x080010d3   Thumb Code    18  stm32f10x_tim.o(i.TIM_DMACmd)
    TIM_OC1Init                              0x080010e5   Thumb Code   132  stm32f10x_tim.o(i.TIM_OC1Init)
    TIM_OC1PreloadConfig                     0x0800117d   Thumb Code    18  stm32f10x_tim.o(i.TIM_OC1PreloadConfig)
    TIM_OC2Init                              0x08001191   Thumb Code   154  stm32f10x_tim.o(i.TIM_OC2Init)
    TIM_OC2PreloadConfig                     0x08001235   Thumb Code    26  stm32f10x_tim.o(i.TIM_OC2PreloadConfig)
    TIM_OC3Init                              0x08001251   Thumb Code   150  stm32f10x_tim.o(i.TIM_OC3Init)
    TIM_OC3PreloadConfig                     0x080012f1   Thumb Code    18  stm32f10x_tim.o(i.TIM_OC3PreloadConfig)
    TIM_TimeBaseInit                         0x08001305   Thumb Code   122  stm32f10x_tim.o(i.TIM_TimeBaseInit)
    TIM_TimeBaseStructInit                   0x080013a9   Thumb Code    18  stm32f10x_tim.o(i.TIM_TimeBaseStructInit)
    ToStart                                  0x080013bd   Thumb Code    62  mainw3p.o(i.ToStart)
    ToStop                                   0x08001409   Thumb Code    44  mainw3p.o(i.ToStop)
    __ARM_fpclassify                         0x08001439   Thumb Code    40  fpclassify.o(i.__ARM_fpclassify)
    __ieee754_rem_pio2                       0x08001461   Thumb Code   828  rred.o(i.__ieee754_rem_pio2)
    __kernel_cos                             0x080017e9   Thumb Code   230  cos_i.o(i.__kernel_cos)
    __kernel_poly                            0x080018e5   Thumb Code   170  poly.o(i.__kernel_poly)
    __kernel_sin                             0x08001991   Thumb Code   224  sin_i.o(i.__kernel_sin)
    __mathlib_dbl_infnan                     0x08001a7d   Thumb Code     6  dunder.o(i.__mathlib_dbl_infnan)
    __mathlib_dbl_invalid                    0x08001a83   Thumb Code    12  dunder.o(i.__mathlib_dbl_invalid)
    __mathlib_dbl_underflow                  0x08001a91   Thumb Code    10  dunder.o(i.__mathlib_dbl_underflow)
    adcVoltage_init                          0x08001aa1   Thumb Code   194  mainw3p.o(i.adcVoltage_init)
    adc_init                                 0x08001b6d   Thumb Code   102  mainw3p.o(i.adc_init)
    analogRead                               0x08001bd9   Thumb Code    46  mainw3p.o(i.analogRead)
    delay_ms                                 0x08001c0d   Thumb Code    68  mainw3p.o(i.delay_ms)
    fminf                                    0x08001c5d   Thumb Code    40  fminf.o(i.fminf)
    initIO                                   0x08001c85   Thumb Code    72  mainw3p.o(i.initIO)
    main                                     0x08001cd5   Thumb Code   278  mainw3p.o(i.main)
    sin                                      0x08001e01   Thumb Code   150  sin.o(i.sin)
    sinDMA_PhaseA                            0x08001ea1   Thumb Code    92  mainw3p.o(i.sinDMA_PhaseA)
    sinDMA_PhaseB                            0x08001f0d   Thumb Code    84  mainw3p.o(i.sinDMA_PhaseB)
    sinDMA_PhaseC                            0x08001f71   Thumb Code    84  mainw3p.o(i.sinDMA_PhaseC)
    timers                                   0x08002165   Thumb Code   186  mainw3p.o(i.timers)
    __aeabi_d2f                              0x08002229   Thumb Code     0  d2f.o(x$fpl$d2f)
    _d2f                                     0x08002229   Thumb Code    98  d2f.o(x$fpl$d2f)
    __aeabi_dadd                             0x0800228d   Thumb Code     0  daddsub_clz.o(x$fpl$dadd)
    _dadd                                    0x0800228d   Thumb Code   332  daddsub_clz.o(x$fpl$dadd)
    __fpl_dcheck_NaN1                        0x080023dd   Thumb Code    10  dcheck1.o(x$fpl$dcheck1)
    __fpl_dcmp_Inf                           0x080023ed   Thumb Code    24  dcmpi.o(x$fpl$dcmpinf)
    __aeabi_ddiv                             0x08002405   Thumb Code     0  ddiv.o(x$fpl$ddiv)
    _ddiv                                    0x08002405   Thumb Code   552  ddiv.o(x$fpl$ddiv)
    __aeabi_d2iz                             0x080026b5   Thumb Code     0  dfix.o(x$fpl$dfix)
    _dfix                                    0x080026b5   Thumb Code    94  dfix.o(x$fpl$dfix)
    __aeabi_d2uiz                            0x08002715   Thumb Code     0  dfixu.o(x$fpl$dfixu)
    _dfixu                                   0x08002715   Thumb Code    90  dfixu.o(x$fpl$dfixu)
    __aeabi_i2d                              0x0800276f   Thumb Code     0  dflt_clz.o(x$fpl$dflt)
    _dflt                                    0x0800276f   Thumb Code    46  dflt_clz.o(x$fpl$dflt)
    __aeabi_ui2d                             0x0800279d   Thumb Code     0  dflt_clz.o(x$fpl$dfltu)
    _dfltu                                   0x0800279d   Thumb Code    38  dflt_clz.o(x$fpl$dfltu)
    __aeabi_cdcmple                          0x080027c5   Thumb Code     0  dleqf.o(x$fpl$dleqf)
    _dcmple                                  0x080027c5   Thumb Code   120  dleqf.o(x$fpl$dleqf)
    __fpl_dcmple_InfNaN                      0x08002827   Thumb Code     0  dleqf.o(x$fpl$dleqf)
    __aeabi_dmul                             0x0800283d   Thumb Code     0  dmul.o(x$fpl$dmul)
    _dmul                                    0x0800283d   Thumb Code   332  dmul.o(x$fpl$dmul)
    __fpl_dnaninf                            0x08002991   Thumb Code   156  dnaninf.o(x$fpl$dnaninf)
    __fpl_dretinf                            0x08002a2d   Thumb Code    12  dretinf.o(x$fpl$dretinf)
    __aeabi_cdrcmple                         0x08002a39   Thumb Code     0  drleqf.o(x$fpl$drleqf)
    _drcmple                                 0x08002a39   Thumb Code   108  drleqf.o(x$fpl$drleqf)
    __aeabi_drsub                            0x08002aa5   Thumb Code     0  daddsub_clz.o(x$fpl$drsb)
    _drsb                                    0x08002aa5   Thumb Code    22  daddsub_clz.o(x$fpl$drsb)
    __aeabi_dsub                             0x08002abd   Thumb Code     0  daddsub_clz.o(x$fpl$dsub)
    _dsub                                    0x08002abd   Thumb Code   464  daddsub_clz.o(x$fpl$dsub)
    __aeabi_f2d                              0x08002c91   Thumb Code     0  f2d.o(x$fpl$f2d)
    _f2d                                     0x08002c91   Thumb Code    86  f2d.o(x$fpl$f2d)
    __aeabi_fadd                             0x08002ce9   Thumb Code     0  faddsub_clz.o(x$fpl$fadd)
    _fadd                                    0x08002ce9   Thumb Code   196  faddsub_clz.o(x$fpl$fadd)
    __fcmp4                                  0x08002dad   Thumb Code    82  fcmp4.o(x$fpl$fcmp4)
    __ARM_fcmp4                              0x08002dff   Thumb Code     0  fcmp4.o(x$fpl$fcmp4)
    _fcmp4                                   0x08002dff   Thumb Code    60  fcmp4.o(x$fpl$fcmp4)
    __fpl_fcmp_Inf                           0x08002e3b   Thumb Code    24  fcmpi.o(x$fpl$fcmpinf)
    __aeabi_fdiv                             0x08002e55   Thumb Code     0  fdiv.o(x$fpl$fdiv)
    _fdiv                                    0x08002e55   Thumb Code   384  fdiv.o(x$fpl$fdiv)
    __aeabi_f2iz                             0x08002fd9   Thumb Code     0  ffix.o(x$fpl$ffix)
    _ffix                                    0x08002fd9   Thumb Code    54  ffix.o(x$fpl$ffix)
    __aeabi_i2f                              0x08003011   Thumb Code     0  fflt_clz.o(x$fpl$fflt)
    _fflt                                    0x08003011   Thumb Code    48  fflt_clz.o(x$fpl$fflt)
    __aeabi_ui2f                             0x08003041   Thumb Code     0  fflt_clz.o(x$fpl$ffltu)
    _ffltu                                   0x08003041   Thumb Code    38  fflt_clz.o(x$fpl$ffltu)
    __aeabi_fmul                             0x08003069   Thumb Code     0  fmul.o(x$fpl$fmul)
    _fmul                                    0x08003069   Thumb Code   258  fmul.o(x$fpl$fmul)
    __fpl_fnaninf                            0x0800316b   Thumb Code   140  fnaninf.o(x$fpl$fnaninf)
    __fpl_fretinf                            0x080031f7   Thumb Code    10  fretinf.o(x$fpl$fretinf)
    __aeabi_fsub                             0x08003201   Thumb Code     0  faddsub_clz.o(x$fpl$fsub)
    _fsub                                    0x08003201   Thumb Code   234  faddsub_clz.o(x$fpl$fsub)
    __fpl_return_NaN                         0x080032eb   Thumb Code   100  retnan.o(x$fpl$retnan)
    __ARM_scalbn                             0x0800334f   Thumb Code    92  scalbn.o(x$fpl$scalbn)
    __fpl_cmpreturn                          0x080033ab   Thumb Code    48  trapv.o(x$fpl$trapveneer)
    __I$use$fp                               0x080033da   Number         0  usenofp.o(x$fpl$usenofp)
    Region$$Table$$Base                      0x08003500   Number         0  anon$$obj.o(Region$$Table)
    Region$$Table$$Limit                     0x08003520   Number         0  anon$$obj.o(Region$$Table)
    mTIM_Prescaler                           0x20000000   Data           4  mainw3p.o(.data)
    TIM_STEPS                                0x20000004   Data           4  mainw3p.o(.data)
    ErrorState                               0x20000008   Data           1  mainw3p.o(.data)
    nSetVal                                  0x2000000c   Data           4  mainw3p.o(.data)
    nSetVolt                                 0x20000010   Data           4  mainw3p.o(.data)
    nSetAmp                                  0x20000014   Data           4  mainw3p.o(.data)
    IsRev                                    0x20000018   Data           1  mainw3p.o(.data)
    SystemCoreClock                          0x2000001c   Data           4  system_stm32f10x.o(.data)
    AHBPrescTable                            0x20000020   Data          16  system_stm32f10x.o(.data)
    FSetVals                                 0x20000030   Data         800  mainw3p.o(.bss)
    VoltVals                                 0x20000350   Data         400  mainw3p.o(.bss)
    AmpVals                                  0x200004e0   Data         200  mainw3p.o(.bss)
    sinA                                     0x200005a8   Data         680  mainw3p.o(.bss)
    sinB                                     0x20000850   Data         680  mainw3p.o(.bss)
    sinC                                     0x20000af8   Data         680  mainw3p.o(.bss)
    __libspace_start                         0x20000da0   Data          96  libspace.o(.bss)
    __temporary_stack_top$libspace           0x20000e00   Data           0  libspace.o(.bss)



==============================================================================

Memory Map of the image

  Image Entry point : 0x08000189

  Load Region LR_1 (Base: 0x08000000, Size: 0x00003550, Max: 0xffffffff, ABSOLUTE)

    Execution Region ER_RO (Exec base: 0x08000000, Load base: 0x08000000, Size: 0x00003520, Max: 0xffffffff, ABSOLUTE)

    Exec Addr    Load Addr    Size         Type   Attr      Idx    E Section Name        Object

    0x08000000   0x08000000   0x000000ec   Data   RO         5442    RESET               startup_stm32f10x_md.o
    0x080000ec   0x080000ec   0x00000008   Code   RO         5511  * !!!main             c_w.l(__main.o)
    0x080000f4   0x080000f4   0x00000034   Code   RO         5907    !!!scatter          c_w.l(__scatter.o)
    0x08000128   0x08000128   0x0000001a   Code   RO         5909    !!handler_copy      c_w.l(__scatter_copy.o)
    0x08000142   0x08000142   0x00000002   PAD
    0x08000144   0x08000144   0x0000001c   Code   RO         5911    !!handler_zi        c_w.l(__scatter_zi.o)
    0x08000160   0x08000160   0x00000002   Code   RO         5776    .ARM.Collect$$libinit$$00000000  c_w.l(libinit.o)
    0x08000162   0x08000162   0x00000000   Code   RO         5788    .ARM.Collect$$libinit$$00000002  c_w.l(libinit2.o)
    0x08000162   0x08000162   0x00000000   Code   RO         5790    .ARM.Collect$$libinit$$00000004  c_w.l(libinit2.o)
    0x08000162   0x08000162   0x00000000   Code   RO         5793    .ARM.Collect$$libinit$$0000000A  c_w.l(libinit2.o)
    0x08000162   0x08000162   0x00000000   Code   RO         5795    .ARM.Collect$$libinit$$0000000C  c_w.l(libinit2.o)
    0x08000162   0x08000162   0x00000000   Code   RO         5797    .ARM.Collect$$libinit$$0000000E  c_w.l(libinit2.o)
    0x08000162   0x08000162   0x00000000   Code   RO         5800    .ARM.Collect$$libinit$$00000011  c_w.l(libinit2.o)
    0x08000162   0x08000162   0x00000000   Code   RO         5802    .ARM.Collect$$libinit$$00000013  c_w.l(libinit2.o)
    0x08000162   0x08000162   0x00000000   Code   RO         5804    .ARM.Collect$$libinit$$00000015  c_w.l(libinit2.o)
    0x08000162   0x08000162   0x00000000   Code   RO         5806    .ARM.Collect$$libinit$$00000017  c_w.l(libinit2.o)
    0x08000162   0x08000162   0x00000000   Code   RO         5808    .ARM.Collect$$libinit$$00000019  c_w.l(libinit2.o)
    0x08000162   0x08000162   0x00000000   Code   RO         5810    .ARM.Collect$$libinit$$0000001B  c_w.l(libinit2.o)
    0x08000162   0x08000162   0x00000000   Code   RO         5812    .ARM.Collect$$libinit$$0000001D  c_w.l(libinit2.o)
    0x08000162   0x08000162   0x00000000   Code   RO         5814    .ARM.Collect$$libinit$$0000001F  c_w.l(libinit2.o)
    0x08000162   0x08000162   0x00000000   Code   RO         5816    .ARM.Collect$$libinit$$00000021  c_w.l(libinit2.o)
    0x08000162   0x08000162   0x00000000   Code   RO         5818    .ARM.Collect$$libinit$$00000023  c_w.l(libinit2.o)
    0x08000162   0x08000162   0x00000000   Code   RO         5820    .ARM.Collect$$libinit$$00000025  c_w.l(libinit2.o)
    0x08000162   0x08000162   0x00000000   Code   RO         5824    .ARM.Collect$$libinit$$0000002C  c_w.l(libinit2.o)
    0x08000162   0x08000162   0x00000000   Code   RO         5826    .ARM.Collect$$libinit$$0000002E  c_w.l(libinit2.o)
    0x08000162   0x08000162   0x00000000   Code   RO         5828    .ARM.Collect$$libinit$$00000030  c_w.l(libinit2.o)
    0x08000162   0x08000162   0x00000000   Code   RO         5830    .ARM.Collect$$libinit$$00000032  c_w.l(libinit2.o)
    0x08000162   0x08000162   0x00000002   Code   RO         5831    .ARM.Collect$$libinit$$00000033  c_w.l(libinit2.o)
    0x08000164   0x08000164   0x00000002   Code   RO         5864    .ARM.Collect$$libshutdown$$00000000  c_w.l(libshutdown.o)
    0x08000166   0x08000166   0x00000000   Code   RO         5890    .ARM.Collect$$libshutdown$$00000002  c_w.l(libshutdown2.o)
    0x08000166   0x08000166   0x00000000   Code   RO         5892    .ARM.Collect$$libshutdown$$00000004  c_w.l(libshutdown2.o)
    0x08000166   0x08000166   0x00000000   Code   RO         5895    .ARM.Collect$$libshutdown$$00000007  c_w.l(libshutdown2.o)
    0x08000166   0x08000166   0x00000000   Code   RO         5898    .ARM.Collect$$libshutdown$$0000000A  c_w.l(libshutdown2.o)
    0x08000166   0x08000166   0x00000000   Code   RO         5900    .ARM.Collect$$libshutdown$$0000000C  c_w.l(libshutdown2.o)
    0x08000166   0x08000166   0x00000000   Code   RO         5903    .ARM.Collect$$libshutdown$$0000000F  c_w.l(libshutdown2.o)
    0x08000166   0x08000166   0x00000002   Code   RO         5904    .ARM.Collect$$libshutdown$$00000010  c_w.l(libshutdown2.o)
    0x08000168   0x08000168   0x00000000   Code   RO         5651    .ARM.Collect$$rtentry$$00000000  c_w.l(__rtentry.o)
    0x08000168   0x08000168   0x00000000   Code   RO         5733    .ARM.Collect$$rtentry$$00000002  c_w.l(__rtentry2.o)
    0x08000168   0x08000168   0x00000006   Code   RO         5745    .ARM.Collect$$rtentry$$00000004  c_w.l(__rtentry4.o)
    0x0800016e   0x0800016e   0x00000000   Code   RO         5735    .ARM.Collect$$rtentry$$00000009  c_w.l(__rtentry2.o)
    0x0800016e   0x0800016e   0x00000004   Code   RO         5736    .ARM.Collect$$rtentry$$0000000A  c_w.l(__rtentry2.o)
    0x08000172   0x08000172   0x00000000   Code   RO         5738    .ARM.Collect$$rtentry$$0000000C  c_w.l(__rtentry2.o)
    0x08000172   0x08000172   0x00000008   Code   RO         5739    .ARM.Collect$$rtentry$$0000000D  c_w.l(__rtentry2.o)
    0x0800017a   0x0800017a   0x00000002   Code   RO         5779    .ARM.Collect$$rtexit$$00000000  c_w.l(rtexit.o)
    0x0800017c   0x0800017c   0x00000000   Code   RO         5837    .ARM.Collect$$rtexit$$00000002  c_w.l(rtexit2.o)
    0x0800017c   0x0800017c   0x00000004   Code   RO         5838    .ARM.Collect$$rtexit$$00000003  c_w.l(rtexit2.o)
    0x08000180   0x08000180   0x00000006   Code   RO         5839    .ARM.Collect$$rtexit$$00000004  c_w.l(rtexit2.o)
    0x08000186   0x08000186   0x00000002   PAD
    0x08000188   0x08000188   0x00000040   Code   RO         5443  * .text               startup_stm32f10x_md.o
    0x080001c8   0x080001c8   0x00000006   Code   RO         5509    .text               c_w.l(heapauxi.o)
    0x080001ce   0x080001ce   0x00000016   Code   RO         5656    .text               c_w.l(_rserrno.o)
    0x080001e4   0x080001e4   0x00000008   Code   RO         5752    .text               c_w.l(rt_errno_addr_intlibspace.o)
    0x080001ec   0x080001ec   0x00000008   Code   RO         5760    .text               c_w.l(libspace.o)
    0x080001f4   0x080001f4   0x0000004a   Code   RO         5763    .text               c_w.l(sys_stackheap_outer.o)
    0x0800023e   0x0800023e   0x00000012   Code   RO         5765    .text               c_w.l(exit.o)
    0x08000250   0x08000250   0x0000000c   Code   RO         5834    .text               c_w.l(sys_exit.o)
    0x0800025c   0x0800025c   0x00000002   Code   RO         5853    .text               c_w.l(use_no_semi.o)
    0x0800025e   0x0800025e   0x00000000   Code   RO         5855    .text               c_w.l(indicate_semi.o)
    0x0800025e   0x0800025e   0x00000002   PAD
    0x08000260   0x08000260   0x00000104   Code   RO            4    i.ADC1_2_IRQHandler  mainw3p.o
    0x08000364   0x08000364   0x00000014   Code   RO         3999    i.ADC_AnalogWatchdogCmd  stm32f10x_adc.o
    0x08000378   0x08000378   0x00000010   Code   RO         4000    i.ADC_AnalogWatchdogSingleChannelConfig  stm32f10x_adc.o
    0x08000388   0x08000388   0x00000006   Code   RO         4001    i.ADC_AnalogWatchdogThresholdsConfig  stm32f10x_adc.o
    0x0800038e   0x0800038e   0x0000000a   Code   RO         4004    i.ADC_ClearITPendingBit  stm32f10x_adc.o
    0x08000398   0x08000398   0x00000016   Code   RO         4005    i.ADC_Cmd           stm32f10x_adc.o
    0x080003ae   0x080003ae   0x00000014   Code   RO         4013    i.ADC_GetCalibrationStatus  stm32f10x_adc.o
    0x080003c2   0x080003c2   0x00000008   Code   RO         4014    i.ADC_GetConversionValue  stm32f10x_adc.o
    0x080003ca   0x080003ca   0x00000012   Code   RO         4016    i.ADC_GetFlagStatus  stm32f10x_adc.o
    0x080003dc   0x080003dc   0x00000024   Code   RO         4017    i.ADC_GetITStatus   stm32f10x_adc.o
    0x08000400   0x08000400   0x00000014   Code   RO         4019    i.ADC_GetResetCalibrationStatus  stm32f10x_adc.o
    0x08000414   0x08000414   0x00000018   Code   RO         4022    i.ADC_ITConfig      stm32f10x_adc.o
    0x0800042c   0x0800042c   0x00000050   Code   RO         4023    i.ADC_Init          stm32f10x_adc.o
    0x0800047c   0x0800047c   0x000000b8   Code   RO         4027    i.ADC_RegularChannelConfig  stm32f10x_adc.o
    0x08000534   0x08000534   0x0000000a   Code   RO         4028    i.ADC_ResetCalibration  stm32f10x_adc.o
    0x0800053e   0x0800053e   0x00000016   Code   RO         4030    i.ADC_SoftwareStartConvCmd  stm32f10x_adc.o
    0x08000554   0x08000554   0x0000000a   Code   RO         4032    i.ADC_StartCalibration  stm32f10x_adc.o
    0x0800055e   0x0800055e   0x00000012   Code   RO         4033    i.ADC_StructInit    stm32f10x_adc.o
    0x08000570   0x08000570   0x0000000e   Code   RO            5    i.Abs               mainw3p.o
    0x0800057e   0x0800057e   0x00000002   PAD
    0x08000580   0x08000580   0x000000b4   Code   RO            6    i.AmpControlOK      mainw3p.o
    0x08000634   0x08000634   0x00000018   Code   RO         4235    i.DMA_Cmd           stm32f10x_dma.o
    0x0800064c   0x0800064c   0x0000003c   Code   RO         4241    i.DMA_Init          stm32f10x_dma.o
    0x08000688   0x08000688   0x0000001a   Code   RO         4243    i.DMA_StructInit    stm32f10x_dma.o
    0x080006a2   0x080006a2   0x00000002   PAD
    0x080006a4   0x080006a4   0x00000024   Code   RO            7    i.DoErrorState      mainw3p.o
    0x080006c8   0x080006c8   0x00000116   Code   RO         4509    i.GPIO_Init         stm32f10x_gpio.o
    0x080007de   0x080007de   0x00000012   Code   RO         4513    i.GPIO_ReadInputDataBit  stm32f10x_gpio.o
    0x080007f0   0x080007f0   0x00000004   Code   RO         4516    i.GPIO_ResetBits    stm32f10x_gpio.o
    0x080007f4   0x080007f4   0x00000004   Code   RO         4517    i.GPIO_SetBits      stm32f10x_gpio.o
    0x080007f8   0x080007f8   0x00000010   Code   RO         4518    i.GPIO_StructInit   stm32f10x_gpio.o
    0x08000808   0x08000808   0x000000c0   Code   RO            8    i.GetValFriq        mainw3p.o
    0x080008c8   0x080008c8   0x000000d4   Code   RO            9    i.InitIO2Manual     mainw3p.o
    0x0800099c   0x0800099c   0x00000070   Code   RO         3951    i.NVIC_Init         misc.o
    0x08000a0c   0x08000a0c   0x0000008c   Code   RO           10    i.PowerInit         mainw3p.o
    0x08000a98   0x08000a98   0x00000020   Code   RO         4630    i.RCC_AHBPeriphClockCmd  stm32f10x_rcc.o
    0x08000ab8   0x08000ab8   0x00000020   Code   RO         4633    i.RCC_APB2PeriphClockCmd  stm32f10x_rcc.o
    0x08000ad8   0x08000ad8   0x000000bc   Code   RO           11    i.SetFrequency      mainw3p.o
    0x08000b94   0x08000b94   0x00000084   Code   RO           12    i.SetPrescaler      mainw3p.o
    0x08000c18   0x08000c18   0x00000008   Code   RO         5450    i.SetSysClock       system_stm32f10x.o
    0x08000c20   0x08000c20   0x000000e0   Code   RO         5451    i.SetSysClockTo72   system_stm32f10x.o
    0x08000d00   0x08000d00   0x00000188   Code   RO           13    i.Start             mainw3p.o
    0x08000e88   0x08000e88   0x00000194   Code   RO           14    i.Stop              mainw3p.o
    0x0800101c   0x0800101c   0x00000060   Code   RO         5453    i.SystemInit        system_stm32f10x.o
    0x0800107c   0x0800107c   0x00000020   Code   RO         4846    i.TIM_BDTRConfig    stm32f10x_tim.o
    0x0800109c   0x0800109c   0x00000018   Code   RO         4857    i.TIM_Cmd           stm32f10x_tim.o
    0x080010b4   0x080010b4   0x0000001e   Code   RO         4859    i.TIM_CtrlPWMOutputs  stm32f10x_tim.o
    0x080010d2   0x080010d2   0x00000012   Code   RO         4860    i.TIM_DMACmd        stm32f10x_tim.o
    0x080010e4   0x080010e4   0x00000098   Code   RO         4886    i.TIM_OC1Init       stm32f10x_tim.o
    0x0800117c   0x0800117c   0x00000012   Code   RO         4889    i.TIM_OC1PreloadConfig  stm32f10x_tim.o
    0x0800118e   0x0800118e   0x00000002   PAD
    0x08001190   0x08001190   0x000000a4   Code   RO         4891    i.TIM_OC2Init       stm32f10x_tim.o
    0x08001234   0x08001234   0x0000001a   Code   RO         4894    i.TIM_OC2PreloadConfig  stm32f10x_tim.o
    0x0800124e   0x0800124e   0x00000002   PAD
    0x08001250   0x08001250   0x000000a0   Code   RO         4896    i.TIM_OC3Init       stm32f10x_tim.o
    0x080012f0   0x080012f0   0x00000012   Code   RO         4899    i.TIM_OC3PreloadConfig  stm32f10x_tim.o
    0x08001302   0x08001302   0x00000002   PAD
    0x08001304   0x08001304   0x000000a4   Code   RO         4928    i.TIM_TimeBaseInit  stm32f10x_tim.o
    0x080013a8   0x080013a8   0x00000012   Code   RO         4929    i.TIM_TimeBaseStructInit  stm32f10x_tim.o
    0x080013ba   0x080013ba   0x00000002   PAD
    0x080013bc   0x080013bc   0x0000004c   Code   RO           15    i.ToStart           mainw3p.o
    0x08001408   0x08001408   0x00000030   Code   RO           16    i.ToStop            mainw3p.o
    0x08001438   0x08001438   0x00000028   Code   RO         5758    i.__ARM_fpclassify  m_ws.l(fpclassify.o)
    0x08001460   0x08001460   0x00000388   Code   RO         5721    i.__ieee754_rem_pio2  m_ws.l(rred.o)
    0x080017e8   0x080017e8   0x000000fc   Code   RO         5685    i.__kernel_cos      m_ws.l(cos_i.o)
    0x080018e4   0x080018e4   0x000000aa   Code   RO         5718    i.__kernel_poly     m_ws.l(poly.o)
    0x0800198e   0x0800198e   0x00000002   PAD
    0x08001990   0x08001990   0x000000ec   Code   RO         5726    i.__kernel_sin      m_ws.l(sin_i.o)
    0x08001a7c   0x08001a7c   0x00000006   Code   RO         5689    i.__mathlib_dbl_infnan  m_ws.l(dunder.o)
    0x08001a82   0x08001a82   0x0000000c   Code   RO         5691    i.__mathlib_dbl_invalid  m_ws.l(dunder.o)
    0x08001a8e   0x08001a8e   0x00000002   PAD
    0x08001a90   0x08001a90   0x00000010   Code   RO         5694    i.__mathlib_dbl_underflow  m_ws.l(dunder.o)
    0x08001aa0   0x08001aa0   0x000000cc   Code   RO           17    i.adcVoltage_init   mainw3p.o
    0x08001b6c   0x08001b6c   0x0000006c   Code   RO           18    i.adc_init          mainw3p.o
    0x08001bd8   0x08001bd8   0x00000034   Code   RO           19    i.analogRead        mainw3p.o
    0x08001c0c   0x08001c0c   0x00000050   Code   RO           20    i.delay_ms          mainw3p.o
    0x08001c5c   0x08001c5c   0x00000028   Code   RO         5649    i.fminf             m_ws.l(fminf.o)
    0x08001c84   0x08001c84   0x00000050   Code   RO           21    i.initIO            mainw3p.o
    0x08001cd4   0x08001cd4   0x0000012c   Code   RO           22    i.main              mainw3p.o
    0x08001e00   0x08001e00   0x000000a0   Code   RO         5626    i.sin               m_ws.l(sin.o)
    0x08001ea0   0x08001ea0   0x0000006c   Code   RO           23    i.sinDMA_PhaseA     mainw3p.o
    0x08001f0c   0x08001f0c   0x00000064   Code   RO           24    i.sinDMA_PhaseB     mainw3p.o
    0x08001f70   0x08001f70   0x00000064   Code   RO           25    i.sinDMA_PhaseC     mainw3p.o
    0x08001fd4   0x08001fd4   0x00000190   Code   RO           26    i.sin_table_update  mainw3p.o
    0x08002164   0x08002164   0x000000c4   Code   RO           27    i.timers            mainw3p.o
    0x08002228   0x08002228   0x00000062   Code   RO         5513    x$fpl$d2f           fz_ws.l(d2f.o)
    0x0800228a   0x0800228a   0x00000002   PAD
    0x0800228c   0x0800228c   0x00000150   Code   RO         5515    x$fpl$dadd          fz_ws.l(daddsub_clz.o)
    0x080023dc   0x080023dc   0x00000010   Code   RO         5754    x$fpl$dcheck1       fz_ws.l(dcheck1.o)
    0x080023ec   0x080023ec   0x00000018   Code   RO         5658    x$fpl$dcmpinf       fz_ws.l(dcmpi.o)
    0x08002404   0x08002404   0x000002b0   Code   RO         5522    x$fpl$ddiv          fz_ws.l(ddiv.o)
    0x080026b4   0x080026b4   0x0000005e   Code   RO         5527    x$fpl$dfix          fz_ws.l(dfix.o)
    0x08002712   0x08002712   0x00000002   PAD
    0x08002714   0x08002714   0x0000005a   Code   RO         5531    x$fpl$dfixu         fz_ws.l(dfixu.o)
    0x0800276e   0x0800276e   0x0000002e   Code   RO         5536    x$fpl$dflt          fz_ws.l(dflt_clz.o)
    0x0800279c   0x0800279c   0x00000026   Code   RO         5535    x$fpl$dfltu         fz_ws.l(dflt_clz.o)
    0x080027c2   0x080027c2   0x00000002   PAD
    0x080027c4   0x080027c4   0x00000078   Code   RO         5541    x$fpl$dleqf         fz_ws.l(dleqf.o)
    0x0800283c   0x0800283c   0x00000154   Code   RO         5543    x$fpl$dmul          fz_ws.l(dmul.o)
    0x08002990   0x08002990   0x0000009c   Code   RO         5660    x$fpl$dnaninf       fz_ws.l(dnaninf.o)
    0x08002a2c   0x08002a2c   0x0000000c   Code   RO         5662    x$fpl$dretinf       fz_ws.l(dretinf.o)
    0x08002a38   0x08002a38   0x0000006c   Code   RO         5545    x$fpl$drleqf        fz_ws.l(drleqf.o)
    0x08002aa4   0x08002aa4   0x00000016   Code   RO         5516    x$fpl$drsb          fz_ws.l(daddsub_clz.o)
    0x08002aba   0x08002aba   0x00000002   PAD
    0x08002abc   0x08002abc   0x000001d4   Code   RO         5517    x$fpl$dsub          fz_ws.l(daddsub_clz.o)
    0x08002c90   0x08002c90   0x00000056   Code   RO         5547    x$fpl$f2d           fz_ws.l(f2d.o)
    0x08002ce6   0x08002ce6   0x00000002   PAD
    0x08002ce8   0x08002ce8   0x000000c4   Code   RO         5549    x$fpl$fadd          fz_ws.l(faddsub_clz.o)
    0x08002dac   0x08002dac   0x0000008e   Code   RO         5664    x$fpl$fcmp4         fz_ws.l(fcmp4.o)
    0x08002e3a   0x08002e3a   0x00000018   Code   RO         5668    x$fpl$fcmpinf       fz_ws.l(fcmpi.o)
    0x08002e52   0x08002e52   0x00000002   PAD
    0x08002e54   0x08002e54   0x00000184   Code   RO         5556    x$fpl$fdiv          fz_ws.l(fdiv.o)
    0x08002fd8   0x08002fd8   0x00000036   Code   RO         5561    x$fpl$ffix          fz_ws.l(ffix.o)
    0x0800300e   0x0800300e   0x00000002   PAD
    0x08003010   0x08003010   0x00000030   Code   RO         5574    x$fpl$fflt          fz_ws.l(fflt_clz.o)
    0x08003040   0x08003040   0x00000026   Code   RO         5573    x$fpl$ffltu         fz_ws.l(fflt_clz.o)
    0x08003066   0x08003066   0x00000002   PAD
    0x08003068   0x08003068   0x00000102   Code   RO         5581    x$fpl$fmul          fz_ws.l(fmul.o)
    0x0800316a   0x0800316a   0x0000008c   Code   RO         5670    x$fpl$fnaninf       fz_ws.l(fnaninf.o)
    0x080031f6   0x080031f6   0x0000000a   Code   RO         5672    x$fpl$fretinf       fz_ws.l(fretinf.o)
    0x08003200   0x08003200   0x000000ea   Code   RO         5551    x$fpl$fsub          fz_ws.l(faddsub_clz.o)
    0x080032ea   0x080032ea   0x00000064   Code   RO         5777    x$fpl$retnan        fz_ws.l(retnan.o)
    0x0800334e   0x0800334e   0x0000005c   Code   RO         5680    x$fpl$scalbn        fz_ws.l(scalbn.o)
    0x080033aa   0x080033aa   0x00000030   Code   RO         5832    x$fpl$trapveneer    fz_ws.l(trapv.o)
    0x080033da   0x080033da   0x00000000   Code   RO         5684    x$fpl$usenofp       fz_ws.l(usenofp.o)
    0x080033da   0x080033da   0x00000006   PAD
    0x080033e0   0x080033e0   0x00000030   Data   RO         5686    .constdata          m_ws.l(cos_i.o)
    0x08003410   0x08003410   0x000000c8   Data   RO         5723    .constdata          m_ws.l(rred.o)
    0x080034d8   0x080034d8   0x00000028   Data   RO         5727    .constdata          m_ws.l(sin_i.o)
    0x08003500   0x08003500   0x00000020   Data   RO         5905    Region$$Table       anon$$obj.o


    Execution Region ER_RW (Exec base: 0x20000000, Load base: 0x08003520, Size: 0x00000030, Max: 0xffffffff, ABSOLUTE)

    Exec Addr    Load Addr    Size         Type   Attr      Idx    E Section Name        Object

    0x20000000   0x08003520   0x00000019   Data   RW           29    .data               mainw3p.o
    0x20000019   0x08003539   0x00000003   PAD
    0x2000001c   0x0800353c   0x00000014   Data   RW         5454    .data               system_stm32f10x.o


    Execution Region ER_ZI (Exec base: 0x20000030, Load base: 0x08003550, Size: 0x000013d0, Max: 0xffffffff, ABSOLUTE)

    Exec Addr    Load Addr    Size         Type   Attr      Idx    E Section Name        Object

    0x20000030        -       0x00000d70   Zero   RW           28    .bss                mainw3p.o
    0x20000da0        -       0x00000060   Zero   RW         5761    .bss                c_w.l(libspace.o)
    0x20000e00        -       0x00000200   Zero   RW         5441    HEAP                startup_stm32f10x_md.o
    0x20001000        -       0x00000400   Zero   RW         5440    STACK               startup_stm32f10x_md.o


==============================================================================

Image component sizes


      Code (inc. data)   RO Data    RW Data    ZI Data      Debug   Object Name

      4002        472          0         25       3440     276620   mainw3p.o
       112         12          0          0          0       1260   misc.o
        64         26        236          0       1536        816   startup_stm32f10x_md.o
       524         14          0          0          0      13076   stm32f10x_adc.o
       110          0          0          0          0       3598   stm32f10x_dma.o
       320          0          0          0          0       4550   stm32f10x_gpio.o
        64         12          0          0          0       1209   stm32f10x_rcc.o
       824         82          0          0          0       8524   stm32f10x_tim.o
       328         28          0         20          0       2389   system_stm32f10x.o

    ----------------------------------------------------------------------
      6360        646        268         48       4976     312042   Object Totals
         0          0         32          0          0          0   (incl. Generated)
        12          0          0          3          0          0   (incl. Padding)

    ----------------------------------------------------------------------

      Code (inc. data)   RO Data    RW Data    ZI Data      Debug   Library Member Name

         8          0          0          0          0         68   __main.o
         0          0          0          0          0          0   __rtentry.o
        12          0          0          0          0          0   __rtentry2.o
         6          0          0          0          0          0   __rtentry4.o
        52          8          0          0          0          0   __scatter.o
        26          0          0          0          0          0   __scatter_copy.o
        28          0          0          0          0          0   __scatter_zi.o
        22          0          0          0          0        100   _rserrno.o
        18          0          0          0          0         80   exit.o
         6          0          0          0          0        152   heapauxi.o
         0          0          0          0          0          0   indicate_semi.o
         2          0          0          0          0          0   libinit.o
         2          0          0          0          0          0   libinit2.o
         2          0          0          0          0          0   libshutdown.o
         2          0          0          0          0          0   libshutdown2.o
         8          4          0          0         96         68   libspace.o
         8          4          0          0          0         68   rt_errno_addr_intlibspace.o
         2          0          0          0          0          0   rtexit.o
        10          0          0          0          0          0   rtexit2.o
        12          4          0          0          0         68   sys_exit.o
        74          0          0          0          0         80   sys_stackheap_outer.o
         2          0          0          0          0         68   use_no_semi.o
        98          4          0          0          0         92   d2f.o
       826         16          0          0          0        348   daddsub_clz.o
        16          4          0          0          0         68   dcheck1.o
        24          0          0          0          0         68   dcmpi.o
       688        140          0          0          0        208   ddiv.o
        94          4          0          0          0         92   dfix.o
        90          4          0          0          0         92   dfixu.o
        84          0          0          0          0        136   dflt_clz.o
       120          4          0          0          0         92   dleqf.o
       340         12          0          0          0        104   dmul.o
       156          4          0          0          0         92   dnaninf.o
        12          0          0          0          0         68   dretinf.o
       108          0          0          0          0         80   drleqf.o
        86          4          0          0          0         84   f2d.o
       430          8          0          0          0        168   faddsub_clz.o
       142          4          0          0          0        112   fcmp4.o
        24          0          0          0          0         68   fcmpi.o
       388         76          0          0          0         96   fdiv.o
        54          4          0          0          0         84   ffix.o
        86          0          0          0          0        136   fflt_clz.o
       258          4          0          0          0         84   fmul.o
       140          4          0          0          0         84   fnaninf.o
        10          0          0          0          0         68   fretinf.o
       100          0          0          0          0         68   retnan.o
        92          0          0          0          0         68   scalbn.o
        48          0          0          0          0         68   trapv.o
         0          0          0          0          0          0   usenofp.o
       252         22         48          0          0        124   cos_i.o
        34          6          0          0          0        204   dunder.o
        40          0          0          0          0         80   fminf.o
        40          0          0          0          0         68   fpclassify.o
       170          0          0          0          0         96   poly.o
       904         76        200          0          0        140   rred.o
       160         10          0          0          0        108   sin.o
       236         12         40          0          0        128   sin_i.o

    ----------------------------------------------------------------------
      6684        442        288          0         96       4428   Library Totals
        32          0          0          0          0          0   (incl. Padding)

    ----------------------------------------------------------------------

      Code (inc. data)   RO Data    RW Data    ZI Data      Debug   Library Name

       302         20          0          0         96        752   c_w.l
      4514        296          0          0          0       2728   fz_ws.l
      1836        126        288          0          0        948   m_ws.l

    ----------------------------------------------------------------------
      6684        442        288          0         96       4428   Library Totals

    ----------------------------------------------------------------------

==============================================================================


      Code (inc. data)   RO Data    RW Data    ZI Data      Debug   

     13044       1088        556         48       5072     310746   Grand Totals
     13044       1088        556         48       5072     310746   ELF Image Totals
     13044       1088        556         48          0          0   ROM Totals

==============================================================================

    Total RO  Size (Code + RO Data)                13600 (  13.28kB)
    Total RW  Size (RW Data + ZI Data)              5120 (   5.00kB)
    Total ROM Size (Code + RO Data + RW Data)      13648 (  13.33kB)

==============================================================================

